Component: ARM Compiler 5.05 update 1 (build 106) Tool: armlink [4d0efa]

==============================================================================

Section Cross References

    main.o(.text) refers to _printf_percent.o(.ARM.Collect$$_printf_percent$$00000000) for _printf_percent
    main.o(.text) refers to _printf_d.o(.ARM.Collect$$_printf_percent$$00000009) for _printf_d
    main.o(.text) refers to _printf_dec.o(.text) for _printf_int_dec
    main.o(.text) refers to lcd.o(.text) for LCD_Clear
    main.o(.text) refers to key.o(.text) for KEY_Scan
    main.o(.text) refers to touch.o(.text) for TP_Draw_Big_Point
    main.o(.text) refers to delay.o(.text) for delay_ms
    main.o(.text) refers to misc.o(.text) for NVIC_PriorityGroupConfig
    main.o(.text) refers to usart.o(.text) for uart_init
    main.o(.text) refers to led.o(.text) for LED_Init
    main.o(.text) refers to remote.o(.text) for Remote_Init
    main.o(.text) refers to 24l01.o(.text) for NRF24L01_Init
    main.o(.text) refers to lcd.o(.data) for POINT_COLOR
    main.o(.text) refers to lcd.o(.bss) for lcddev
    main.o(.text) refers to touch.o(.data) for tp_dev
    main.o(.text) refers to main.o(.constdata) for POINT_COLOR_TBL
    main.o(.text) refers to noretval__2printf.o(.text) for __2printf
    main.o(.text) refers to main.o(.data) for key
    main.o(.text) refers to main.o(.bss) for tmp_buf
    system_stm32f10x.o(.text) refers to system_stm32f10x.o(.data) for SystemCoreClock
    led.o(.text) refers to stm32f10x_rcc.o(.text) for RCC_APB2PeriphClockCmd
    led.o(.text) refers to stm32f10x_gpio.o(.text) for GPIO_Init
    key.o(.text) refers to stm32f10x_rcc.o(.text) for RCC_APB2PeriphClockCmd
    key.o(.text) refers to stm32f10x_gpio.o(.text) for GPIO_Init
    key.o(.text) refers to delay.o(.text) for delay_ms
    key.o(.text) refers to key.o(.data) for key_up
    lcd.o(.text) refers to _printf_percent.o(.ARM.Collect$$_printf_percent$$00000000) for _printf_percent
    lcd.o(.text) refers to _printf_x.o(.ARM.Collect$$_printf_percent$$0000000C) for _printf_x
    lcd.o(.text) refers to _printf_hex_int.o(.text) for _printf_longlong_hex
    lcd.o(.text) refers to delay.o(.text) for delay_us
    lcd.o(.text) refers to lcd.o(.bss) for lcddev
    lcd.o(.text) refers to lcd.o(.data) for POINT_COLOR
    lcd.o(.text) refers to dflt_clz.o(x$fpl$dfltu) for __aeabi_ui2d
    lcd.o(.text) refers to dmul.o(x$fpl$dmul) for __aeabi_dmul
    lcd.o(.text) refers to dfixu.o(x$fpl$dfixu) for __aeabi_d2uiz
    lcd.o(.text) refers to stm32f10x_rcc.o(.text) for RCC_AHBPeriphClockCmd
    lcd.o(.text) refers to stm32f10x_gpio.o(.text) for GPIO_Init
    lcd.o(.text) refers to stm32f10x_fsmc.o(.text) for FSMC_NORSRAMInit
    lcd.o(.text) refers to noretval__2printf.o(.text) for __2printf
    lcd.o(.text) refers to lcd.o(.constdata) for asc2_1206
    spi.o(.text) refers to stm32f10x_spi.o(.text) for SPI_I2S_GetFlagStatus
    spi.o(.text) refers to stm32f10x_rcc.o(.text) for RCC_APB2PeriphClockCmd
    spi.o(.text) refers to stm32f10x_gpio.o(.text) for GPIO_Init
    24l01.o(.text) refers to stm32f10x_rcc.o(.text) for RCC_APB2PeriphClockCmd
    24l01.o(.text) refers to stm32f10x_gpio.o(.text) for GPIO_Init
    24l01.o(.text) refers to spi.o(.text) for SPI2_Init
    24l01.o(.text) refers to stm32f10x_spi.o(.text) for SPI_Cmd
    24l01.o(.text) refers to 24l01.o(.constdata) for RX_ADDRESS
    remote.o(.text) refers to stm32f10x_rcc.o(.text) for RCC_APB2PeriphClockCmd
    remote.o(.text) refers to stm32f10x_gpio.o(.text) for GPIO_Init
    remote.o(.text) refers to stm32f10x_tim.o(.text) for TIM_TimeBaseInit
    remote.o(.text) refers to misc.o(.text) for NVIC_Init
    remote.o(.text) refers to remote.o(.data) for RmtSta
    24cxx.o(.text) refers to myiic.o(.text) for IIC_Init
    24cxx.o(.text) refers to delay.o(.text) for delay_ms
    myiic.o(.text) refers to stm32f10x_rcc.o(.text) for RCC_APB2PeriphClockCmd
    myiic.o(.text) refers to stm32f10x_gpio.o(.text) for GPIO_Init
    myiic.o(.text) refers to delay.o(.text) for delay_us
    ctiic.o(.text) refers to delay.o(.text) for delay_us
    ctiic.o(.text) refers to stm32f10x_rcc.o(.text) for RCC_APB2PeriphClockCmd
    ctiic.o(.text) refers to stm32f10x_gpio.o(.text) for GPIO_Init
    ft5206.o(.text) refers to _printf_percent.o(.ARM.Collect$$_printf_percent$$00000000) for _printf_percent
    ft5206.o(.text) refers to _printf_x.o(.ARM.Collect$$_printf_percent$$0000000C) for _printf_x
    ft5206.o(.text) refers to _printf_hex_int.o(.text) for _printf_longlong_hex
    ft5206.o(.text) refers to ctiic.o(.text) for CT_IIC_Start
    ft5206.o(.text) refers to stm32f10x_rcc.o(.text) for RCC_APB2PeriphClockCmd
    ft5206.o(.text) refers to stm32f10x_gpio.o(.text) for GPIO_Init
    ft5206.o(.text) refers to delay.o(.text) for delay_ms
    ft5206.o(.text) refers to noretval__2printf.o(.text) for __2printf
    ft5206.o(.text) refers to ft5206.o(.data) for t
    ft5206.o(.text) refers to touch.o(.data) for tp_dev
[...]
    .text                                    0x08005d9c   Section        0  myiic.o(.text)
    .text                                    0x08006008   Section        0  ctiic.o(.text)
    .text                                    0x0800628c   Section        0  ft5206.o(.text)
    .text                                    0x080065c4   Section        0  gt9147.o(.text)
    .text                                    0x08006a1c   Section        0  ott2001a.o(.text)
    .text                                    0x08006d88   Section        0  touch.o(.text)
    .text                                    0x08007d3c   Section        0  delay.o(.text)
    .text                                    0x08007e10   Section        0  usart.o(.text)
    .text                                    0x08007f50   Section       64  startup_stm32f10x_hd.o(.text)
    .text                                    0x08007f90   Section        0  misc.o(.text)
    .text                                    0x0800806c   Section        0  stm32f10x_fsmc.o(.text)
    .text                                    0x08008678   Section        0  stm32f10x_gpio.o(.text)
    .text                                    0x080089d4   Section        0  stm32f10x_rcc.o(.text)
    .text                                    0x08008d78   Section        0  stm32f10x_spi.o(.text)
    .text                                    0x08009084   Section        0  stm32f10x_usart.o(.text)
    .text                                    0x0800948c   Section        0  stm32f10x_tim.o(.text)
    TI4_Config                               0x08009933   Thumb Code   130  stm32f10x_tim.o(.text)
    TI3_Config                               0x080099c7   Thumb Code   122  stm32f10x_tim.o(.text)
    TI2_Config                               0x08009a5b   Thumb Code   130  stm32f10x_tim.o(.text)
    TI1_Config                               0x08009aef   Thumb Code   108  stm32f10x_tim.o(.text)
    .text                                    0x0800a2a6   Section        2  use_no_semi_2.o(.text)
    .text                                    0x0800a2a8   Section        0  noretval__2printf.o(.text)
    .text                                    0x0800a2c0   Section        0  __printf.o(.text)
    .text                                    0x0800a328   Section        0  _printf_str.o(.text)
    .text                                    0x0800a37c   Section        0  _printf_dec.o(.text)
    .text                                    0x0800a3f4   Section        0  _printf_hex_int.o(.text)
    .text                                    0x0800a44c   Section      128  strcmpv7m.o(.text)
    .text                                    0x0800a4cc   Section        0  heapauxi.o(.text)
    .text                                    0x0800a4d2   Section        2  use_no_semi.o(.text)
    .text                                    0x0800a4d4   Section        0  _rserrno.o(.text)
    .text                                    0x0800a4ea   Section        0  _printf_intcommon.o(.text)
    .text                                    0x0800a59c   Section        0  _printf_char.o(.text)
    .text                                    0x0800a5c8   Section        0  _printf_char_file.o(.text)
    .text                                    0x0800a5ec   Section        8  rt_errno_addr_intlibspace.o(.text)
    .text                                    0x0800a5f4   Section        0  _printf_char_common.o(.text)
    _printf_input_char                       0x0800a5f5   Thumb Code    10  _printf_char_common.o(.text)
    .text                                    0x0800a624   Section        0  ferror.o(.text)
    .text                                    0x0800a62c   Section        8  libspace.o(.text)
    .text                                    0x0800a634   Section       74  sys_stackheap_outer.o(.text)
    .text                                    0x0800a67e   Section        0  exit.o(.text)
    i.sqrt                                   0x0800a68a   Section        0  sqrt.o(i.sqrt)
    x$fpl$dadd                               0x0800a6d8   Section      336  daddsub_clz.o(x$fpl$dadd)
    _dadd1                                   0x0800a6e9   Thumb Code     0  daddsub_clz.o(x$fpl$dadd)
    x$fpl$dcmpinf                            0x0800a828   Section       24  dcmpi.o(x$fpl$dcmpinf)
    x$fpl$dfixu                              0x0800a840   Section       90  dfixu.o(x$fpl$dfixu)
    x$fpl$dflt                               0x0800a89a   Section       46  dflt_clz.o(x$fpl$dflt)
    x$fpl$dfltu                              0x0800a8c8   Section       38  dflt_clz.o(x$fpl$dfltu)
    x$fpl$dleqf                              0x0800a8f0   Section      120  dleqf.o(x$fpl$dleqf)
    x$fpl$dmul                               0x0800a968   Section      340  dmul.o(x$fpl$dmul)
    x$fpl$dnaninf                            0x0800aabc   Section      156  dnaninf.o(x$fpl$dnaninf)
    x$fpl$dretinf                            0x0800ab58   Section       12  dretinf.o(x$fpl$dretinf)
    x$fpl$drleqf                             0x0800ab64   Section      108  drleqf.o(x$fpl$drleqf)
    x$fpl$drsb                               0x0800abd0   Section       22  daddsub_clz.o(x$fpl$drsb)
    x$fpl$dsqrt                              0x0800abe8   Section      460  dsqrt_noumaal.o(x$fpl$dsqrt)
    x$fpl$dsub                               0x0800adb4   Section      468  daddsub_clz.o(x$fpl$dsub)
    _dsub1                                   0x0800adc5   Thumb Code     0  daddsub_clz.o(x$fpl$dsub)
    x$fpl$f2d                                0x0800af88   Section       86  f2d.o(x$fpl$f2d)
    x$fpl$fadd                               0x0800afe0   Section      196  faddsub_clz.o(x$fpl$fadd)
    _fadd1                                   0x0800afef   Thumb Code     0  faddsub_clz.o(x$fpl$fadd)
    x$fpl$fdiv                               0x0800b0a4   Section      388  fdiv.o(x$fpl$fdiv)
    _fdiv1                                   0x0800b0a5   Thumb Code     0  fdiv.o(x$fpl$fdiv)
    x$fpl$ffix                               0x0800b228   Section       54  ffix.o(x$fpl$ffix)
    x$fpl$ffixu                              0x0800b260   Section       62  ffixu.o(x$fpl$ffixu)
    x$fpl$fflt                               0x0800b2a0   Section       48  fflt_clz.o(x$fpl$fflt)
    x$fpl$ffltu                              0x0800b2d0   Section       38  fflt_clz.o(x$fpl$ffltu)
    x$fpl$fmul                               0x0800b2f8   Section      258  fmul.o(x$fpl$fmul)
    x$fpl$fnaninf                            0x0800b3fa   Section      140  fnaninf.o(x$fpl$fnaninf)
    x$fpl$fretinf                            0x0800b486   Section       10  fretinf.o(x$fpl$fretinf)
    x$fpl$fsub                               0x0800b490   Section      234  faddsub_clz.o(x$fpl$fsub)
    _fsub1                                   0x0800b49f   Thumb Code     0  faddsub_clz.o(x$fpl$fsub)
    .constdata                               0x0800b57a   Section       10  main.o(.constdata)
    x$fpl$usenofp                            0x0800b57a   Section        0  usenofp.o(x$fpl$usenofp)
    .constdata                               0x0800b584   Section     6080  lcd.o(.constdata)
    .constdata                               0x0800cd44   Section       10  24l01.o(.constdata)
    .constdata                               0x0800cd4e   Section       10  ft5206.o(.constdata)
    .constdata                               0x0800cd58   Section      194  gt9147.o(.constdata)
    .constdata                               0x0800ce1a   Section       10  ott2001a.o(.constdata)
    .constdata                               0x0800ce24   Section        4  touch.o(.constdata)
    .constdata                               0x0800ce28   Section       40  _printf_hex_int.o(.constdata)
    uc_hextab                                0x0800ce28   Data          20  _printf_hex_int.o(.constdata)
    lc_hextab                                0x0800ce3c   Data          20  _printf_hex_int.o(.constdata)
    .conststring                             0x0800ce50   Section      121  touch.o(.conststring)
    .data                                    0x20000000   Section        8  main.o(.data)
    .data                                    0x20000008   Section       20  system_stm32f10x.o(.data)
    .data                                    0x2000001c   Section        1  key.o(.data)
    key_up                                   0x2000001c   Data           1  key.o(.data)
    .data                                    0x2000001e   Section        4  lcd.o(.data)
    .data                                    0x20000024   Section        9  remote.o(.data)
    .data                                    0x2000002d   Section        1  ft5206.o(.data)
    t                                        0x2000002d   Data           1  ft5206.o(.data)
    .data                                    0x2000002e   Section        1  gt9147.o(.data)
    t                                        0x2000002e   Data           1  gt9147.o(.data)
    .data                                    0x2000002f   Section        1  ott2001a.o(.data)
    t                                        0x2000002f   Data           1  ott2001a.o(.data)
    .data                                    0x20000030   Section       54  touch.o(.data)
    .data                                    0x20000066   Section        4  delay.o(.data)
    fac_us                                   0x20000066   Data           1  delay.o(.data)
    fac_ms                                   0x20000068   Data           2  delay.o(.data)
    .data                                    0x2000006c   Section        6  usart.o(.data)
    .data                                    0x20000072   Section       20  stm32f10x_rcc.o(.data)
    APBAHBPrescTable                         0x20000072   Data          16  stm32f10x_rcc.o(.data)
    ADCPrescTable                            0x20000082   Data           4  stm32f10x_rcc.o(.data)
    .bss                                     0x20000088   Section       33  main.o(.bss)
    .bss                                     0x200000aa   Section       14  lcd.o(.bss)
    .bss                                     0x200000b8   Section      200  usart.o(.bss)
    .bss                                     0x20000180   Section       96  libspace.o(.bss)
    HEAP                                     0x200001e0   Section      512  startup_stm32f10x_hd.o(HEAP)
    Heap_Mem                                 0x200001e0   Data         512  startup_stm32f10x_hd.o(HEAP)
    STACK                                    0x200003e0   Section     1024  startup_stm32f10x_hd.o(STACK)
    Stack_Mem                                0x200003e0   Data        1024  startup_stm32f10x_hd.o(STACK)
    __initial_sp                             0x200007e0   Data           0  startup_stm32f10x_hd.o(STACK)

    Global Symbols

    Symbol Name                              Value     Ov Type        Size  Object(Section)

    BuildAttributes$$THM_ISAv4$P$D$K$B$S$PE$A:L22UL41UL21$X:L11$S22US41US21$IEEE1$IW$USESV6$~STKCKD$USESV7$~SHL$OTIME$ROPI$IEEEJ$EBA8$UX$STANDARDLIB$REQ8$PRES8$EABIv2 0x00000000   Number         0  anon$$obj.o ABSOLUTE
    __ARM_use_no_argv                        0x00000000   Number         0  main.o ABSOLUTE
    __ARM_exceptions_init                     - Undefined Weak Reference
    __alloca_initialize                       - Undefined Weak Reference
    __arm_preinit_                            - Undefined Weak Reference
    __cpp_initialize__aeabi_                  - Undefined Weak Reference
    __cxa_finalize                            - Undefined Weak Reference
    __rt_locale                               - Undefined Weak Reference
    __sigvec_lookup                           - Undefined Weak Reference
    _atexit_init                              - Undefined Weak Reference
    _call_atexit_fns                          - Undefined Weak Reference
    _clock_init                               - Undefined Weak Reference
    _fp_trap_init                             - Undefined Weak Reference
    _fp_trap_shutdown                         - Undefined Weak Reference
    _get_lc_collate                           - Undefined Weak Reference
    _get_lc_ctype                             - Undefined Weak Reference
    _get_lc_monetary                          - Undefined Weak Reference
    _get_lc_numeric                           - Undefined Weak Reference
    _get_lc_time                              - Undefined Weak Reference
    _getenv_init                              - Undefined Weak Reference
    _handle_redirection                       - Undefined Weak Reference
    _init_alloc                               - Undefined Weak Reference
    _init_user_alloc                          - Undefined Weak Reference
    _initio                                   - Undefined Weak Reference
    _mutex_acquire                            - Undefined Weak Reference
    _mutex_release                            - Undefined Weak Reference
    _printf_mbtowc                            - Undefined Weak Reference
    _printf_post_padding                      - Undefined Weak Reference
    _printf_pre_padding                       - Undefined Weak Reference
    _printf_truncate_signed                   - Undefined Weak Reference
    _printf_truncate_unsigned                 - Undefined Weak Reference
    _rand_init                                - Undefined Weak Reference
    _signal_finish                            - Undefined Weak Reference
    _signal_init                              - Undefined Weak Reference
    _terminate_alloc                          - Undefined Weak Reference
    _terminate_user_alloc                     - Undefined Weak Reference
    _terminateio                              - Undefined Weak Reference
    __Vectors_Size                           0x00000130   Number         0  startup_stm32f10x_hd.o ABSOLUTE
    __Vectors                                0x08000000   Data           4  startup_stm32f10x_hd.o(RESET)
    __Vectors_End                            0x08000130   Data           0  startup_stm32f10x_hd.o(RESET)
    __main                                   0x08000131   Thumb Code     8  __main.o(!!!main)
    __scatterload                            0x08000139   Thumb Code     0  __scatter.o(!!!scatter)
    __scatterload_rt2                        0x08000139   Thumb Code    44  __scatter.o(!!!scatter)
    __scatterload_rt2_thumb_only             0x08000139   Thumb Code     0  __scatter.o(!!!scatter)
    __scatterload_null                       0x08000147   Thumb Code     0  __scatter.o(!!!scatter)
    __scatterload_copy                       0x0800016d   Thumb Code    26  __scatter_copy.o(!!handler_copy)
    __scatterload_zeroinit                   0x08000189   Thumb Code    28  __scatter_zi.o(!!handler_zi)
    _printf_d                                0x080001a5   Thumb Code     0  _printf_d.o(.ARM.Collect$$_printf_percent$$00000009)
    _printf_percent                          0x080001a5   Thumb Code     0  _printf_percent.o(.ARM.Collect$$_printf_percent$$00000000)
    _printf_x                                0x080001ab   Thumb Code     0  _printf_x.o(.ARM.Collect$$_printf_percent$$0000000C)
    _printf_s                                0x080001b1   Thumb Code     0  _printf_s.o(.ARM.Collect$$_printf_percent$$00000014)
    _printf_percent_end                      0x080001b7   Thumb Code     0  _printf_percent_end.o(.ARM.Collect$$_printf_percent$$00000017)
    __rt_lib_init                            0x080001bb   Thumb Code     0  libinit.o(.ARM.Collect$$libinit$$00000000)
    __rt_lib_init_alloca_1                   0x080001bd   Thumb Code     0  libinit2.o(.ARM.Collect$$libinit$$0000002E)
    __rt_lib_init_argv_1                     0x080001bd   Thumb Code     0  libinit2.o(.ARM.Collect$$libinit$$0000002C)
    __rt_lib_init_atexit_1                   0x080001bd   Thumb Code     0  libinit2.o(.ARM.Collect$$libinit$$0000001B)
    __rt_lib_init_clock_1                    0x080001bd   Thumb Code     0  libinit2.o(.ARM.Collect$$libinit$$00000021)
    __rt_lib_init_cpp_1                      0x080001bd   Thumb Code     0  libinit2.o(.ARM.Collect$$libinit$$00000032)
    __rt_lib_init_exceptions_1               0x080001bd   Thumb Code     0  libinit2.o(.ARM.Collect$$libinit$$00000030)
    __rt_lib_init_fp_1                       0x080001bd   Thumb Code     0  libinit2.o(.ARM.Collect$$libinit$$00000002)
    __rt_lib_init_fp_trap_1                  0x080001bd   Thumb Code     0  libinit2.o(.ARM.Collect$$libinit$$0000001F)
    __rt_lib_init_getenv_1                   0x080001bd   Thumb Code     0  libinit2.o(.ARM.Collect$$libinit$$00000023)
    __rt_lib_init_heap_1                     0x080001bd   Thumb Code     0  libinit2.o(.ARM.Collect$$libinit$$0000000A)
    __rt_lib_init_lc_collate_1               0x080001bd   Thumb Code     0  libinit2.o(.ARM.Collect$$libinit$$00000011)
    __rt_lib_init_lc_ctype_1                 0x080001bd   Thumb Code     0  libinit2.o(.ARM.Collect$$libinit$$00000013)
    __rt_lib_init_lc_monetary_1              0x080001bd   Thumb Code     0  libinit2.o(.ARM.Collect$$libinit$$00000015)
    __rt_lib_init_lc_numeric_1               0x080001bd   Thumb Code     0  libinit2.o(.ARM.Collect$$libinit$$00000017)
    __rt_lib_init_lc_time_1                  0x080001bd   Thumb Code     0  libinit2.o(.ARM.Collect$$libinit$$00000019)
    __rt_lib_init_preinit_1                  0x080001bd   Thumb Code     0  libinit2.o(.ARM.Collect$$libinit$$00000004)
    __rt_lib_init_rand_1                     0x080001bd   Thumb Code     0  libinit2.o(.ARM.Collect$$libinit$$0000000E)
    __rt_lib_init_return                     0x080001bd   Thumb Code     0  libinit2.o(.ARM.Collect$$libinit$$00000033)
    __rt_lib_init_signal_1                   0x080001bd   Thumb Code     0  libinit2.o(.ARM.Collect$$libinit$$0000001D)
    __rt_lib_init_stdio_1                    0x080001bd   Thumb Code     0  libinit2.o(.ARM.Collect$$libinit$$00000025)
    __rt_lib_init_user_alloc_1               0x080001bd   Thumb Code     0  libinit2.o(.ARM.Collect$$libinit$$0000000C)
    __rt_lib_shutdown                        0x080001bf   Thumb Code     0  libshutdown.o(.ARM.Collect$$libshutdown$$00000000)
    __rt_lib_shutdown_fp_trap_1              0x080001c1   Thumb Code     0  libshutdown2.o(.ARM.Collect$$libshutdown$$00000006)
    __rt_lib_shutdown_heap_1                 0x080001c1   Thumb Code     0  libshutdown2.o(.ARM.Collect$$libshutdown$$0000000E)
    __rt_lib_shutdown_return                 0x080001c1   Thumb Code     0  libshutdown2.o(.ARM.Collect$$libshutdown$$0000000F)
    __rt_lib_shutdown_signal_1               0x080001c1   Thumb Code     0  libshutdown2.o(.ARM.Collect$$libshutdown$$00000009)
    __rt_lib_shutdown_stdio_1                0x080001c1   Thumb Code     0  libshutdown2.o(.ARM.Collect$$libshutdown$$00000003)
    __rt_lib_shutdown_user_alloc_1           0x080001c1   Thumb Code     0  libshutdown2.o(.ARM.Collect$$libshutdown$$0000000B)
    __rt_entry                               0x080001c3   Thumb Code     0  __rtentry.o(.ARM.Collect$$rtentry$$00000000)
    __rt_entry_presh_1                       0x080001c3   Thumb Code     0  __rtentry2.o(.ARM.Collect$$rtentry$$00000002)
    __rt_entry_sh                            0x080001c3   Thumb Code     0  __rtentry4.o(.ARM.Collect$$rtentry$$00000004)
    __rt_entry_li                            0x080001c9   Thumb Code     0  __rtentry2.o(.ARM.Collect$$rtentry$$0000000A)
    __rt_entry_postsh_1                      0x080001c9   Thumb Code     0  __rtentry2.o(.ARM.Collect$$rtentry$$00000009)
    __rt_entry_main                          0x080001cd   Thumb Code     0  __rtentry2.o(.ARM.Collect$$rtentry$$0000000D)
    __rt_entry_postli_1                      0x080001cd   Thumb Code     0  __rtentry2.o(.ARM.Collect$$rtentry$$0000000C)
    __rt_exit                                0x080001d5   Thumb Code     0  rtexit.o(.ARM.Collect$$rtexit$$00000000)
    __rt_exit_ls                             0x080001d7   Thumb Code     0  rtexit2.o(.ARM.Collect$$rtexit$$00000003)
    __rt_exit_prels_1                        0x080001d7   Thumb Code     0  rtexit2.o(.ARM.Collect$$rtexit$$00000002)
    __rt_exit_exit                           0x080001db   Thumb Code     0  rtexit2.o(.ARM.Collect$$rtexit$$00000004)
    Load_Drow_Dialog                         0x080001e1   Thumb Code    52  main.o(.text)
    gui_draw_hline                           0x08000215   Thumb Code    36  main.o(.text)
    gui_fill_circle                          0x08000239   Thumb Code   176  main.o(.text)
    my_abs                                   0x080002e9   Thumb Code    18  main.o(.text)
    lcd_draw_bline                           0x080002fb   Thumb Code   212  main.o(.text)
    rtp_test                                 0x080003cf   Thumb Code   160  main.o(.text)
    ctp_test                                 0x0800046f   Thumb Code   294  main.o(.text)
    main                                     0x08000595   Thumb Code   386  main.o(.text)
    NMI_Handler                              0x08000799   Thumb Code     2  stm32f10x_it.o(.text)
    HardFault_Handler                        0x0800079b   Thumb Code     4  stm32f10x_it.o(.text)
    MemManage_Handler                        0x0800079f   Thumb Code     4  stm32f10x_it.o(.text)
    BusFault_Handler                         0x080007a3   Thumb Code     4  stm32f10x_it.o(.text)
    UsageFault_Handler                       0x080007a7   Thumb Code     4  stm32f10x_it.o(.text)
    SVC_Handler                              0x080007ab   Thumb Code     2  stm32f10x_it.o(.text)
    DebugMon_Handler                         0x080007ad   Thumb Code     2  stm32f10x_it.o(.text)
    PendSV_Handler                           0x080007af   Thumb Code     2  stm32f10x_it.o(.text)
    SysTick_Handler                          0x080007b1   Thumb Code     2  stm32f10x_it.o(.text)
    SystemInit                               0x08000893   Thumb Code    78  system_stm32f10x.o(.text)
    SystemCoreClockUpdate                    0x080008e1   Thumb Code   142  system_stm32f10x.o(.text)
    LED_Init                                 0x08000995   Thumb Code    68  led.o(.text)
    KEY_Init                                 0x080009e1   Thumb Code    52  key.o(.text)
    KEY_Scan                                 0x08000a15   Thumb Code   188  key.o(.text)
    LCD_WR_REG                               0x08000add   Thumb Code     6  lcd.o(.text)
    LCD_WR_DATA                              0x08000ae3   Thumb Code     8  lcd.o(.text)
    LCD_RD_DATA                              0x08000aeb   Thumb Code    16  lcd.o(.text)
    LCD_WriteReg                             0x08000afb   Thumb Code    10  lcd.o(.text)
    LCD_ReadReg                              0x08000b05   Thumb Code    22  lcd.o(.text)
    LCD_WriteRAM_Prepare                     0x08000b1b   Thumb Code    10  lcd.o(.text)
    LCD_WriteRAM                             0x08000b25   Thumb Code     8  lcd.o(.text)
    LCD_BGR2RGB                              0x08000b2d   Thumb Code    26  lcd.o(.text)
    opt_delay                                0x08000b47   Thumb Code    14  lcd.o(.text)
    LCD_SetCursor                            0x08000b55   Thumb Code   418  lcd.o(.text)
    LCD_ReadPoint                            0x08000cf7   Thumb Code   360  lcd.o(.text)
    LCD_DisplayOn                            0x08000e5f   Thumb Code   102  lcd.o(.text)
    LCD_DisplayOff                           0x08000ec5   Thumb Code    90  lcd.o(.text)
    LCD_Scan_Dir                             0x08000f1f   Thumb Code   744  lcd.o(.text)
    LCD_DrawPoint                            0x08001207   Thumb Code    28  lcd.o(.text)
    LCD_Fast_DrawPoint                       0x08001223   Thumb Code   384  lcd.o(.text)
    LCD_SSD_BackLightSet                     0x080013a3   Thumb Code    80  lcd.o(.text)
    LCD_Display_Dir                          0x080013f3   Thumb Code   444  lcd.o(.text)
    LCD_Set_Window                           0x080015af   Thumb Code   540  lcd.o(.text)
    LCD_Clear                                0x080017cb   Thumb Code   100  lcd.o(.text)
    LCD_Init                                 0x0800182f   Thumb Code 14190  lcd.o(.text)
    LCD_Fill                                 0x08004f9d   Thumb Code   178  lcd.o(.text)
    LCD_Color_Fill                           0x0800504f   Thumb Code   106  lcd.o(.text)
    LCD_DrawLine                             0x080050b9   Thumb Code   176  lcd.o(.text)
    LCD_DrawRectangle                        0x08005169   Thumb Code    60  lcd.o(.text)
    LCD_Draw_Circle                          0x080051a5   Thumb Code   152  lcd.o(.text)
    LCD_ShowChar                             0x0800523d   Thumb Code   272  lcd.o(.text)
    LCD_Pow                                  0x0800534d   Thumb Code    22  lcd.o(.text)
    LCD_ShowNum                              0x08005363   Thumb Code   148  lcd.o(.text)
    LCD_ShowxNum                             0x080053f7   Thumb Code   220  lcd.o(.text)
    LCD_ShowString                           0x080054d3   Thumb Code   102  lcd.o(.text)
    SPI2_ReadWriteByte                       0x08005539   Thumb Code    78  spi.o(.text)
    SPI2_Init                                0x08005587   Thumb Code   140  spi.o(.text)
    SPI2_SetSpeed                            0x08005613   Thumb Code    36  spi.o(.text)
    NRF24L01_Init                            0x08005641   Thumb Code   198  24l01.o(.text)
    NRF24L01_Read_Buf                        0x08005707   Thumb Code    60  24l01.o(.text)
    NRF24L01_Write_Buf                       0x08005743   Thumb Code    60  24l01.o(.text)
    NRF24L01_Check                           0x0800577f   Thumb Code    72  24l01.o(.text)
    NRF24L01_Write_Reg                       0x080057c7   Thumb Code    40  24l01.o(.text)
    NRF24L01_Read_Reg                        0x080057ef   Thumb Code    38  24l01.o(.text)
    NRF24L01_TxPacket                        0x08005815   Thumb Code    94  24l01.o(.text)
    NRF24L01_RxPacket                        0x08005873   Thumb Code    58  24l01.o(.text)
    NRF24L01_RX_Mode                         0x080058ad   Thumb Code    76  24l01.o(.text)
    NRF24L01_TX_Mode                         0x080058f9   Thumb Code    86  24l01.o(.text)
    Remote_Init                              0x08005975   Thumb Code   180  remote.o(.text)
    TIM4_IRQHandler                          0x08005a29   Thumb Code   384  remote.o(.text)
    Remote_Scan                              0x08005ba9   Thumb Code    92  remote.o(.text)
    AT24CXX_Init                             0x08005c21   Thumb Code     8  24cxx.o(.text)
    AT24CXX_ReadOneByte                      0x08005c29   Thumb Code    88  24cxx.o(.text)
    AT24CXX_WriteOneByte                     0x08005c81   Thumb Code    80  24cxx.o(.text)
    AT24CXX_WriteLenByte                     0x08005cd1   Thumb Code    42  24cxx.o(.text)
    AT24CXX_ReadLenByte                      0x08005cfb   Thumb Code    44  24cxx.o(.text)
    AT24CXX_Check                            0x08005d27   Thumb Code    46  24cxx.o(.text)
    AT24CXX_Read                             0x08005d55   Thumb Code    34  24cxx.o(.text)
    AT24CXX_Write                            0x08005d77   Thumb Code    36  24cxx.o(.text)
    IIC_Init                                 0x08005d9d   Thumb Code    46  myiic.o(.text)
    IIC_Start                                0x08005dcb   Thumb Code    64  myiic.o(.text)
    IIC_Stop                                 0x08005e0b   Thumb Code    66  myiic.o(.text)
    IIC_Wait_Ack                             0x08005e4d   Thumb Code    86  myiic.o(.text)
    IIC_Ack                                  0x08005ea3   Thumb Code    70  myiic.o(.text)
    IIC_NAck                                 0x08005ee9   Thumb Code    70  myiic.o(.text)
    IIC_Send_Byte                            0x08005f2f   Thumb Code   104  myiic.o(.text)
    IIC_Read_Byte                            0x08005f97   Thumb Code   100  myiic.o(.text)
    CT_Delay                                 0x08006009   Thumb Code    10  ctiic.o(.text)
    CT_IIC_Init                              0x08006013   Thumb Code    72  ctiic.o(.text)
    CT_IIC_Start                             0x0800605b   Thumb Code    66  ctiic.o(.text)
    CT_IIC_Stop                              0x0800609d   Thumb Code    60  ctiic.o(.text)
    CT_IIC_Wait_Ack                          0x080060d9   Thumb Code    86  ctiic.o(.text)
    CT_IIC_Ack                               0x0800612f   Thumb Code    70  ctiic.o(.text)
    CT_IIC_NAck                              0x08006175   Thumb Code    70  ctiic.o(.text)
    CT_IIC_Send_Byte                         0x080061bb   Thumb Code    86  ctiic.o(.text)
    CT_IIC_Read_Byte                         0x08006211   Thumb Code   100  ctiic.o(.text)
    FT5206_WR_Reg                            0x0800628d   Thumb Code    82  ft5206.o(.text)
    FT5206_RD_Reg                            0x080062df   Thumb Code    88  ft5206.o(.text)
    FT5206_Init                              0x08006337   Thumb Code   216  ft5206.o(.text)
    FT5206_Scan                              0x0800640f   Thumb Code   400  ft5206.o(.text)
    GT9147_WR_Reg                            0x080065c5   Thumb Code    92  gt9147.o(.text)
    GT9147_Send_Cfg                          0x08006621   Thumb Code    86  gt9147.o(.text)
    GT9147_RD_Reg                            0x08006677   Thumb Code    98  gt9147.o(.text)
    GT9147_Init                              0x080066d9   Thumb Code   268  gt9147.o(.text)
    GT9147_Scan                              0x080067e5   Thumb Code   494  gt9147.o(.text)
    OTT2001A_WR_Reg                          0x08006a1d   Thumb Code    92  ott2001a.o(.text)
    OTT2001A_RD_Reg                          0x08006a79   Thumb Code    98  ott2001a.o(.text)
    OTT2001A_SensorControl                   0x08006adb   Thumb Code    28  ott2001a.o(.text)
    OTT2001A_Init                            0x08006af7   Thumb Code   156  ott2001a.o(.text)
    OTT2001A_Scan                            0x08006b93   Thumb Code   446  ott2001a.o(.text)
    TP_Write_Byte                            0x08006d89   Thumb Code    64  touch.o(.text)
    TP_Read_AD                               0x08006dc9   Thumb Code   136  touch.o(.text)
    TP_Read_XOY                              0x08006e51   Thumb Code   120  touch.o(.text)
    TP_Read_XY                               0x08006ec9   Thumb Code    38  touch.o(.text)
    TP_Read_XY2                              0x08006eef   Thumb Code   192  touch.o(.text)
    TP_Drow_Touch_Point                      0x08006faf   Thumb Code   108  touch.o(.text)
    TP_Draw_Big_Point                        0x0800701b   Thumb Code    54  touch.o(.text)
    TP_Scan                                  0x08007051   Thumb Code   264  touch.o(.text)
    TP_Save_Adjdata                          0x08007159   Thumb Code    24  touch.o(.text)
    TP_Get_Adjdata                           0x08007171   Thumb Code   104  touch.o(.text)
    TP_Adj_Info_Show                         0x080071d9   Thumb Code   374  touch.o(.text)
    TP_Adjust                                0x0800734f   Thumb Code  2128  touch.o(.text)
    TP_Init                                  0x08007b9f   Thumb Code   330  touch.o(.text)
    delay_init                               0x08007d3d   Thumb Code    50  delay.o(.text)
    delay_us                                 0x08007d6f   Thumb Code    72  delay.o(.text)
    delay_ms                                 0x08007db7   Thumb Code    72  delay.o(.text)
    _sys_exit                                0x08007e11   Thumb Code     6  usart.o(.text)
    fputc                                    0x08007e17   Thumb Code    24  usart.o(.text)
    uart_init                                0x08007e2f   Thumb Code   152  usart.o(.text)
    USART1_IRQHandler                        0x08007ec7   Thumb Code   122  usart.o(.text)
    Reset_Handler                            0x08007f51   Thumb Code     8  startup_stm32f10x_hd.o(.text)
    ADC1_2_IRQHandler                        0x08007f6b   Thumb Code     0  startup_stm32f10x_hd.o(.text)
    ADC3_IRQHandler                          0x08007f6b   Thumb Code     0  startup_stm32f10x_hd.o(.text)
    CAN1_RX1_IRQHandler                      0x08007f6b   Thumb Code     0  startup_stm32f10x_hd.o(.text)
    CAN1_SCE_IRQHandler                      0x08007f6b   Thumb Code     0  startup_stm32f10x_hd.o(.text)
    DMA1_Channel1_IRQHandler                 0x08007f6b   Thumb Code     0  startup_stm32f10x_hd.o(.text)
    DMA1_Channel2_IRQHandler                 0x08007f6b   Thumb Code     0  startup_stm32f10x_hd.o(.text)
    DMA1_Channel3_IRQHandler                 0x08007f6b   Thumb Code     0  startup_stm32f10x_hd.o(.text)
    DMA1_Channel4_IRQHandler                 0x08007f6b   Thumb Code     0  startup_stm32f10x_hd.o(.text)
    DMA1_Channel5_IRQHandler                 0x08007f6b   Thumb Code     0  startup_stm32f10x_hd.o(.text)
    DMA1_Channel6_IRQHandler                 0x08007f6b   Thumb Code     0  startup_stm32f10x_hd.o(.text)
    DMA1_Channel7_IRQHandler                 0x08007f6b   Thumb Code     0  startup_stm32f10x_hd.o(.text)
    DMA2_Channel1_IRQHandler                 0x08007f6b   Thumb Code     0  startup_stm32f10x_hd.o(.text)
    DMA2_Channel2_IRQHandler                 0x08007f6b   Thumb Code     0  startup_stm32f10x_hd.o(.text)
    DMA2_Channel3_IRQHandler                 0x08007f6b   Thumb Code     0  startup_stm32f10x_hd.o(.text)
    DMA2_Channel4_5_IRQHandler               0x08007f6b   Thumb Code     0  startup_stm32f10x_hd.o(.text)
    EXTI0_IRQHandler                         0x08007f6b   Thumb Code     0  startup_stm32f10x_hd.o(.text)
    EXTI15_10_IRQHandler                     0x08007f6b   Thumb Code     0  startup_stm32f10x_hd.o(.text)
    EXTI1_IRQHandler                         0x08007f6b   Thumb Code     0  startup_stm32f10x_hd.o(.text)
    EXTI2_IRQHandler                         0x08007f6b   Thumb Code     0  startup_stm32f10x_hd.o(.text)
    EXTI3_IRQHandler                         0x08007f6b   Thumb Code     0  startup_stm32f10x_hd.o(.text)
    EXTI4_IRQHandler                         0x08007f6b   Thumb Code     0  startup_stm32f10x_hd.o(.text)
    EXTI9_5_IRQHandler                       0x08007f6b   Thumb Code     0  startup_stm32f10x_hd.o(.text)
    FLASH_IRQHandler                         0x08007f6b   Thumb Code     0  startup_stm32f10x_hd.o(.text)
    FSMC_IRQHandler                          0x08007f6b   Thumb Code     0  startup_stm32f10x_hd.o(.text)
    I2C1_ER_IRQHandler                       0x08007f6b   Thumb Code     0  startup_stm32f10x_hd.o(.text)
    I2C1_EV_IRQHandler                       0x08007f6b   Thumb Code     0  startup_stm32f10x_hd.o(.text)
    I2C2_ER_IRQHandler                       0x08007f6b   Thumb Code     0  startup_stm32f10x_hd.o(.text)
    I2C2_EV_IRQHandler                       0x08007f6b   Thumb Code     0  startup_stm32f10x_hd.o(.text)
    PVD_IRQHandler                           0x08007f6b   Thumb Code     0  startup_stm32f10x_hd.o(.text)
    RCC_IRQHandler                           0x08007f6b   Thumb Code     0  startup_stm32f10x_hd.o(.text)
    RTCAlarm_IRQHandler                      0x08007f6b   Thumb Code     0  startup_stm32f10x_hd.o(.text)
    RTC_IRQHandler                           0x08007f6b   Thumb Code     0  startup_stm32f10x_hd.o(.text)
    SDIO_IRQHandler                          0x08007f6b   Thumb Code     0  startup_stm32f10x_hd.o(.text)
    SPI1_IRQHandler                          0x08007f6b   Thumb Code     0  startup_stm32f10x_hd.o(.text)
    SPI2_IRQHandler                          0x08007f6b   Thumb Code     0  startup_stm32f10x_hd.o(.text)
    SPI3_IRQHandler                          0x08007f6b   Thumb Code     0  startup_stm32f10x_hd.o(.text)
    TAMPER_IRQHandler                        0x08007f6b   Thumb Code     0  startup_stm32f10x_hd.o(.text)
    TIM1_BRK_IRQHandler                      0x08007f6b   Thumb Code     0  startup_stm32f10x_hd.o(.text)
    TIM1_CC_IRQHandler                       0x08007f6b   Thumb Code     0  startup_stm32f10x_hd.o(.text)
    TIM1_TRG_COM_IRQHandler                  0x08007f6b   Thumb Code     0  startup_stm32f10x_hd.o(.text)
    TIM1_UP_IRQHandler                       0x08007f6b   Thumb Code     0  startup_stm32f10x_hd.o(.text)
    TIM2_IRQHandler                          0x08007f6b   Thumb Code     0  startup_stm32f10x_hd.o(.text)
    TIM3_IRQHandler                          0x08007f6b   Thumb Code     0  startup_stm32f10x_hd.o(.text)
    TIM5_IRQHandler                          0x08007f6b   Thumb Code     0  startup_stm32f10x_hd.o(.text)
    TIM6_IRQHandler                          0x08007f6b   Thumb Code     0  startup_stm32f10x_hd.o(.text)
    TIM7_IRQHandler                          0x08007f6b   Thumb Code     0  startup_stm32f10x_hd.o(.text)
    TIM8_BRK_IRQHandler                      0x08007f6b   Thumb Code     0  startup_stm32f10x_hd.o(.text)
    TIM8_CC_IRQHandler                       0x08007f6b   Thumb Code     0  startup_stm32f10x_hd.o(.text)
    TIM8_TRG_COM_IRQHandler                  0x08007f6b   Thumb Code     0  startup_stm32f10x_hd.o(.text)
    TIM8_UP_IRQHandler                       0x08007f6b   Thumb Code     0  startup_stm32f10x_hd.o(.text)
    UART4_IRQHandler                         0x08007f6b   Thumb Code     0  startup_stm32f10x_hd.o(.text)
    UART5_IRQHandler                         0x08007f6b   Thumb Code     0  startup_stm32f10x_hd.o(.text)
    USART2_IRQHandler                        0x08007f6b   Thumb Code     0  startup_stm32f10x_hd.o(.text)
    USART3_IRQHandler                        0x08007f6b   Thumb Code     0  startup_stm32f10x_hd.o(.text)
    USBWakeUp_IRQHandler                     0x08007f6b   Thumb Code     0  startup_stm32f10x_hd.o(.text)
    USB_HP_CAN1_TX_IRQHandler                0x08007f6b   Thumb Code     0  startup_stm32f10x_hd.o(.text)
    USB_LP_CAN1_RX0_IRQHandler               0x08007f6b   Thumb Code     0  startup_stm32f10x_hd.o(.text)
    WWDG_IRQHandler                          0x08007f6b   Thumb Code     0  startup_stm32f10x_hd.o(.text)
    __user_initial_stackheap                 0x08007f6d   Thumb Code     0  startup_stm32f10x_hd.o(.text)
    NVIC_PriorityGroupConfig                 0x08007f91   Thumb Code    10  misc.o(.text)
    NVIC_Init                                0x08007f9b   Thumb Code   100  misc.o(.text)
    NVIC_SetVectorTable                      0x08007fff   Thumb Code    14  misc.o(.text)
    NVIC_SystemLPConfig                      0x0800800d   Thumb Code    34  misc.o(.text)
    SysTick_CLKSourceConfig                  0x0800802f   Thumb Code    40  misc.o(.text)
    FSMC_NORSRAMDeInit                       0x0800806d   Thumb Code    54  stm32f10x_fsmc.o(.text)
    FSMC_NANDDeInit                          0x080080a3   Thumb Code    62  stm32f10x_fsmc.o(.text)
    FSMC_PCCARDDeInit                        0x080080e1   Thumb Code    36  stm32f10x_fsmc.o(.text)
    FSMC_NORSRAMInit                         0x08008105   Thumb Code   230  stm32f10x_fsmc.o(.text)
    FSMC_NANDInit                            0x080081eb   Thumb Code   132  stm32f10x_fsmc.o(.text)
    FSMC_PCCARDInit                          0x0800826f   Thumb Code   130  stm32f10x_fsmc.o(.text)
    FSMC_NORSRAMStructInit                   0x080082f1   Thumb Code   114  stm32f10x_fsmc.o(.text)
    FSMC_NANDStructInit                      0x08008363   Thumb Code    54  stm32f10x_fsmc.o(.text)
    FSMC_PCCARDStructInit                    0x08008399   Thumb Code    60  stm32f10x_fsmc.o(.text)
    FSMC_NORSRAMCmd                          0x080083d5   Thumb Code    46  stm32f10x_fsmc.o(.text)
    FSMC_NANDCmd                             0x08008403   Thumb Code    86  stm32f10x_fsmc.o(.text)
    FSMC_PCCARDCmd                           0x08008459   Thumb Code    44  stm32f10x_fsmc.o(.text)
    FSMC_NANDECCCmd                          0x08008485   Thumb Code    90  stm32f10x_fsmc.o(.text)
    FSMC_GetECC                              0x080084df   Thumb Code    24  stm32f10x_fsmc.o(.text)
    FSMC_ITConfig                            0x080084f7   Thumb Code   128  stm32f10x_fsmc.o(.text)
    FSMC_GetFlagStatus                       0x08008577   Thumb Code    54  stm32f10x_fsmc.o(.text)
    FSMC_ClearFlag                           0x080085ad   Thumb Code    62  stm32f10x_fsmc.o(.text)
    FSMC_GetITStatus                         0x080085eb   Thumb Code    64  stm32f10x_fsmc.o(.text)
    FSMC_ClearITPendingBit                   0x0800862b   Thumb Code    68  stm32f10x_fsmc.o(.text)
    GPIO_DeInit                              0x08008679   Thumb Code   172  stm32f10x_gpio.o(.text)
    GPIO_AFIODeInit                          0x08008725   Thumb Code    20  stm32f10x_gpio.o(.text)
    GPIO_Init                                0x08008739   Thumb Code   278  stm32f10x_gpio.o(.text)
    GPIO_StructInit                          0x0800884f   Thumb Code    16  stm32f10x_gpio.o(.text)
    GPIO_ReadInputDataBit                    0x0800885f   Thumb Code    18  stm32f10x_gpio.o(.text)
    GPIO_ReadInputData                       0x08008871   Thumb Code     8  stm32f10x_gpio.o(.text)
    GPIO_ReadOutputDataBit                   0x08008879   Thumb Code    18  stm32f10x_gpio.o(.text)
    GPIO_ReadOutputData                      0x0800888b   Thumb Code     8  stm32f10x_gpio.o(.text)
    GPIO_SetBits                             0x08008893   Thumb Code     4  stm32f10x_gpio.o(.text)
    GPIO_ResetBits                           0x08008897   Thumb Code     4  stm32f10x_gpio.o(.text)
    GPIO_WriteBit                            0x0800889b   Thumb Code    10  stm32f10x_gpio.o(.text)
    GPIO_Write                               0x080088a5   Thumb Code     4  stm32f10x_gpio.o(.text)
    GPIO_PinLockConfig                       0x080088a9   Thumb Code    18  stm32f10x_gpio.o(.text)
    GPIO_EventOutputConfig                   0x080088bb   Thumb Code    26  stm32f10x_gpio.o(.text)
    GPIO_EventOutputCmd                      0x080088d5   Thumb Code     6  stm32f10x_gpio.o(.text)
    GPIO_PinRemapConfig                      0x080088db   Thumb Code   138  stm32f10x_gpio.o(.text)
    GPIO_EXTILineConfig                      0x08008965   Thumb Code    66  stm32f10x_gpio.o(.text)
    GPIO_ETH_MediaInterfaceConfig            0x080089a7   Thumb Code     8  stm32f10x_gpio.o(.text)
    RCC_DeInit                               0x080089d5   Thumb Code    64  stm32f10x_rcc.o(.text)
    RCC_HSEConfig                            0x08008a15   Thumb Code    70  stm32f10x_rcc.o(.text)
    RCC_GetFlagStatus                        0x08008a5b   Thumb Code    56  stm32f10x_rcc.o(.text)
    RCC_WaitForHSEStartUp                    0x08008a93   Thumb Code    56  stm32f10x_rcc.o(.text)
    RCC_AdjustHSICalibrationValue            0x08008acb   Thumb Code    20  stm32f10x_rcc.o(.text)
    RCC_HSICmd                               0x08008adf   Thumb Code     6  stm32f10x_rcc.o(.text)
    RCC_PLLConfig                            0x08008ae5   Thumb Code    24  stm32f10x_rcc.o(.text)
    RCC_PLLCmd                               0x08008afd   Thumb Code     6  stm32f10x_rcc.o(.text)
    RCC_SYSCLKConfig                         0x08008b03   Thumb Code    18  stm32f10x_rcc.o(.text)
    RCC_GetSYSCLKSource                      0x08008b15   Thumb Code    10  stm32f10x_rcc.o(.text)
    RCC_HCLKConfig                           0x08008b1f   Thumb Code    18  stm32f10x_rcc.o(.text)
    RCC_PCLK1Config                          0x08008b31   Thumb Code    18  stm32f10x_rcc.o(.text)
    RCC_PCLK2Config                          0x08008b43   Thumb Code    20  stm32f10x_rcc.o(.text)
    RCC_ITConfig                             0x08008b57   Thumb Code    26  stm32f10x_rcc.o(.text)
    RCC_USBCLKConfig                         0x08008b71   Thumb Code     8  stm32f10x_rcc.o(.text)
    RCC_ADCCLKConfig                         0x08008b79   Thumb Code    18  stm32f10x_rcc.o(.text)
    RCC_LSEConfig                            0x08008b8b   Thumb Code    50  stm32f10x_rcc.o(.text)
    RCC_LSICmd                               0x08008bbd   Thumb Code     6  stm32f10x_rcc.o(.text)
    RCC_RTCCLKConfig                         0x08008bc3   Thumb Code    12  stm32f10x_rcc.o(.text)
    RCC_RTCCLKCmd                            0x08008bcf   Thumb Code     8  stm32f10x_rcc.o(.text)
    RCC_GetClocksFreq                        0x08008bd7   Thumb Code   192  stm32f10x_rcc.o(.text)
    RCC_AHBPeriphClockCmd                    0x08008c97   Thumb Code    26  stm32f10x_rcc.o(.text)
    RCC_APB2PeriphClockCmd                   0x08008cb1   Thumb Code    26  stm32f10x_rcc.o(.text)
    RCC_APB1PeriphClockCmd                   0x08008ccb   Thumb Code    26  stm32f10x_rcc.o(.text)
    RCC_APB2PeriphResetCmd                   0x08008ce5   Thumb Code    26  stm32f10x_rcc.o(.text)
    RCC_APB1PeriphResetCmd                   0x08008cff   Thumb Code    26  stm32f10x_rcc.o(.text)
    RCC_BackupResetCmd                       0x08008d19   Thumb Code     8  stm32f10x_rcc.o(.text)
    RCC_ClockSecuritySystemCmd               0x08008d21   Thumb Code     6  stm32f10x_rcc.o(.text)
    RCC_MCOConfig                            0x08008d27   Thumb Code     6  stm32f10x_rcc.o(.text)
    RCC_ClearFlag                            0x08008d2d   Thumb Code    14  stm32f10x_rcc.o(.text)
    RCC_GetITStatus                          0x08008d3b   Thumb Code    20  stm32f10x_rcc.o(.text)
    RCC_ClearITPendingBit                    0x08008d4f   Thumb Code     6  stm32f10x_rcc.o(.text)
    SPI_I2S_DeInit                           0x08008d79   Thumb Code    76  stm32f10x_spi.o(.text)
    SPI_Init                                 0x08008dc5   Thumb Code    60  stm32f10x_spi.o(.text)
    I2S_Init                                 0x08008e01   Thumb Code   226  stm32f10x_spi.o(.text)
    SPI_StructInit                           0x08008ee3   Thumb Code    24  stm32f10x_spi.o(.text)
    I2S_StructInit                           0x08008efb   Thumb Code    20  stm32f10x_spi.o(.text)
    SPI_Cmd                                  0x08008f0f   Thumb Code    24  stm32f10x_spi.o(.text)
    I2S_Cmd                                  0x08008f27   Thumb Code    24  stm32f10x_spi.o(.text)
    SPI_I2S_ITConfig                         0x08008f3f   Thumb Code    32  stm32f10x_spi.o(.text)
    SPI_I2S_DMACmd                           0x08008f5f   Thumb Code    18  stm32f10x_spi.o(.text)
    SPI_I2S_SendData                         0x08008f71   Thumb Code     4  stm32f10x_spi.o(.text)
    SPI_I2S_ReceiveData                      0x08008f75   Thumb Code     6  stm32f10x_spi.o(.text)
    SPI_NSSInternalSoftwareConfig            0x08008f7b   Thumb Code    30  stm32f10x_spi.o(.text)
    SPI_SSOutputCmd                          0x08008f99   Thumb Code    24  stm32f10x_spi.o(.text)
    SPI_DataSizeConfig                       0x08008fb1   Thumb Code    18  stm32f10x_spi.o(.text)
    SPI_TransmitCRC                          0x08008fc3   Thumb Code    10  stm32f10x_spi.o(.text)
    SPI_CalculateCRC                         0x08008fcd   Thumb Code    24  stm32f10x_spi.o(.text)
    SPI_GetCRC                               0x08008fe5   Thumb Code    16  stm32f10x_spi.o(.text)
    SPI_GetCRCPolynomial                     0x08008ff5   Thumb Code     6  stm32f10x_spi.o(.text)
    SPI_BiDirectionalLineConfig              0x08008ffb   Thumb Code    28  stm32f10x_spi.o(.text)
    SPI_I2S_GetFlagStatus                    0x08009017   Thumb Code    18  stm32f10x_spi.o(.text)
    SPI_I2S_ClearFlag                        0x08009029   Thumb Code     6  stm32f10x_spi.o(.text)
    SPI_I2S_GetITStatus                      0x0800902f   Thumb Code    52  stm32f10x_spi.o(.text)
    SPI_I2S_ClearITPendingBit                0x08009063   Thumb Code    20  stm32f10x_spi.o(.text)
    USART_DeInit                             0x08009085   Thumb Code   134  stm32f10x_usart.o(.text)
    USART_Init                               0x0800910b   Thumb Code   210  stm32f10x_usart.o(.text)
    USART_StructInit                         0x080091dd   Thumb Code    24  stm32f10x_usart.o(.text)
    USART_ClockInit                          0x080091f5   Thumb Code    34  stm32f10x_usart.o(.text)
    USART_ClockStructInit                    0x08009217   Thumb Code    12  stm32f10x_usart.o(.text)
    USART_Cmd                                0x08009223   Thumb Code    24  stm32f10x_usart.o(.text)
    USART_ITConfig                           0x0800923b   Thumb Code    74  stm32f10x_usart.o(.text)
    USART_DMACmd                             0x08009285   Thumb Code    18  stm32f10x_usart.o(.text)
    USART_SetAddress                         0x08009297   Thumb Code    18  stm32f10x_usart.o(.text)
    USART_WakeUpConfig                       0x080092a9   Thumb Code    18  stm32f10x_usart.o(.text)
    USART_ReceiverWakeUpCmd                  0x080092bb   Thumb Code    24  stm32f10x_usart.o(.text)
    USART_LINBreakDetectLengthConfig         0x080092d3   Thumb Code    18  stm32f10x_usart.o(.text)
    USART_LINCmd                             0x080092e5   Thumb Code    24  stm32f10x_usart.o(.text)
    USART_SendData                           0x080092fd   Thumb Code     8  stm32f10x_usart.o(.text)
    USART_ReceiveData                        0x08009305   Thumb Code    10  stm32f10x_usart.o(.text)
    USART_SendBreak                          0x0800930f   Thumb Code    10  stm32f10x_usart.o(.text)
    USART_SetGuardTime                       0x08009319   Thumb Code    16  stm32f10x_usart.o(.text)
    USART_SetPrescaler                       0x08009329   Thumb Code    16  stm32f10x_usart.o(.text)
    USART_SmartCardCmd                       0x08009339   Thumb Code    24  stm32f10x_usart.o(.text)
    USART_SmartCardNACKCmd                   0x08009351   Thumb Code    24  stm32f10x_usart.o(.text)
    USART_HalfDuplexCmd                      0x08009369   Thumb Code    24  stm32f10x_usart.o(.text)
    USART_OverSampling8Cmd                   0x08009381   Thumb Code    22  stm32f10x_usart.o(.text)
    USART_OneBitMethodCmd                    0x08009397   Thumb Code    24  stm32f10x_usart.o(.text)
    USART_IrDAConfig                         0x080093af   Thumb Code    18  stm32f10x_usart.o(.text)
    USART_IrDACmd                            0x080093c1   Thumb Code    24  stm32f10x_usart.o(.text)
    USART_GetFlagStatus                      0x080093d9   Thumb Code    26  stm32f10x_usart.o(.text)
    USART_ClearFlag                          0x080093f3   Thumb Code    18  stm32f10x_usart.o(.text)
    USART_GetITStatus                        0x08009405   Thumb Code    84  stm32f10x_usart.o(.text)
    USART_ClearITPendingBit                  0x08009459   Thumb Code    52  stm32f10x_usart.o(.text)
    TIM_DeInit                               0x0800948d   Thumb Code   424  stm32f10x_tim.o(.text)
    TIM_TimeBaseInit                         0x08009635   Thumb Code   122  stm32f10x_tim.o(.text)
    TIM_OC1Init                              0x080096af   Thumb Code   132  stm32f10x_tim.o(.text)
    TIM_OC2Init                              0x08009733   Thumb Code   154  stm32f10x_tim.o(.text)
    TIM_OC3Init                              0x080097cd   Thumb Code   150  stm32f10x_tim.o(.text)
    TIM_OC4Init                              0x08009863   Thumb Code   182  stm32f10x_tim.o(.text)
    TIM_SetIC4Prescaler                      0x08009919   Thumb Code    26  stm32f10x_tim.o(.text)
    TIM_SetIC3Prescaler                      0x080099b5   Thumb Code    18  stm32f10x_tim.o(.text)
    TIM_SetIC2Prescaler                      0x08009a41   Thumb Code    26  stm32f10x_tim.o(.text)
    TIM_SetIC1Prescaler                      0x08009add   Thumb Code    18  stm32f10x_tim.o(.text)
    TIM_ICInit                               0x08009b5b   Thumb Code   150  stm32f10x_tim.o(.text)
    TIM_PWMIConfig                           0x08009bf1   Thumb Code   124  stm32f10x_tim.o(.text)
    TIM_BDTRConfig                           0x08009c6d   Thumb Code    32  stm32f10x_tim.o(.text)
    TIM_TimeBaseStructInit                   0x08009c8d   Thumb Code    18  stm32f10x_tim.o(.text)
    TIM_OCStructInit                         0x08009c9f   Thumb Code    20  stm32f10x_tim.o(.text)
    TIM_ICStructInit                         0x08009cb3   Thumb Code    18  stm32f10x_tim.o(.text)
    TIM_BDTRStructInit                       0x08009cc5   Thumb Code    40  stm32f10x_tim.o(.text)
    TIM_Cmd                                  0x08009ced   Thumb Code    24  stm32f10x_tim.o(.text)
    TIM_CtrlPWMOutputs                       0x08009d05   Thumb Code    30  stm32f10x_tim.o(.text)
    TIM_ITConfig                             0x08009d23   Thumb Code    18  stm32f10x_tim.o(.text)
    TIM_GenerateEvent                        0x08009d35   Thumb Code     4  stm32f10x_tim.o(.text)
    TIM_DMAConfig                            0x08009d39   Thumb Code    10  stm32f10x_tim.o(.text)
    TIM_DMACmd                               0x08009d43   Thumb Code    18  stm32f10x_tim.o(.text)
    TIM_InternalClockConfig                  0x08009d55   Thumb Code    12  stm32f10x_tim.o(.text)
    TIM_SelectInputTrigger                   0x08009d61   Thumb Code    18  stm32f10x_tim.o(.text)
    TIM_ITRxExternalClockConfig              0x08009d73   Thumb Code    24  stm32f10x_tim.o(.text)
    TIM_TIxExternalClockConfig               0x08009d8b   Thumb Code    62  stm32f10x_tim.o(.text)
    TIM_ETRConfig                            0x08009dc9   Thumb Code    28  stm32f10x_tim.o(.text)
    TIM_ETRClockMode1Config                  0x08009de5   Thumb Code    54  stm32f10x_tim.o(.text)
    TIM_ETRClockMode2Config                  0x08009e1b   Thumb Code    32  stm32f10x_tim.o(.text)
    TIM_PrescalerConfig                      0x08009e3b   Thumb Code     6  stm32f10x_tim.o(.text)
    TIM_CounterModeConfig                    0x08009e41   Thumb Code    18  stm32f10x_tim.o(.text)
    TIM_EncoderInterfaceConfig               0x08009e53   Thumb Code    66  stm32f10x_tim.o(.text)
    TIM_ForcedOC1Config                      0x08009e95   Thumb Code    18  stm32f10x_tim.o(.text)
    TIM_ForcedOC2Config                      0x08009ea7   Thumb Code    26  stm32f10x_tim.o(.text)
    TIM_ForcedOC3Config                      0x08009ec1   Thumb Code    18  stm32f10x_tim.o(.text)
    TIM_ForcedOC4Config                      0x08009ed3   Thumb Code    26  stm32f10x_tim.o(.text)
    TIM_ARRPreloadConfig                     0x08009eed   Thumb Code    24  stm32f10x_tim.o(.text)
    TIM_SelectCOM                            0x08009f05   Thumb Code    24  stm32f10x_tim.o(.text)
    TIM_SelectCCDMA                          0x08009f1d   Thumb Code    24  stm32f10x_tim.o(.text)
    TIM_CCPreloadControl                     0x08009f35   Thumb Code    24  stm32f10x_tim.o(.text)
    TIM_OC1PreloadConfig                     0x08009f4d   Thumb Code    18  stm32f10x_tim.o(.text)
    TIM_OC2PreloadConfig                     0x08009f5f   Thumb Code    26  stm32f10x_tim.o(.text)
    TIM_OC3PreloadConfig                     0x08009f79   Thumb Code    18  stm32f10x_tim.o(.text)
    TIM_OC4PreloadConfig                     0x08009f8b   Thumb Code    26  stm32f10x_tim.o(.text)
    TIM_OC1FastConfig                        0x08009fa5   Thumb Code    18  stm32f10x_tim.o(.text)
    TIM_OC2FastConfig                        0x08009fb7   Thumb Code    26  stm32f10x_tim.o(.text)
    TIM_OC3FastConfig                        0x08009fd1   Thumb Code    18  stm32f10x_tim.o(.text)
    TIM_OC4FastConfig                        0x08009fe3   Thumb Code    26  stm32f10x_tim.o(.text)
    TIM_ClearOC1Ref                          0x08009ffd   Thumb Code    18  stm32f10x_tim.o(.text)
    TIM_ClearOC2Ref                          0x0800a00f   Thumb Code    24  stm32f10x_tim.o(.text)
    TIM_ClearOC3Ref                          0x0800a027   Thumb Code    18  stm32f10x_tim.o(.text)
    TIM_ClearOC4Ref                          0x0800a039   Thumb Code    24  stm32f10x_tim.o(.text)
    TIM_OC1PolarityConfig                    0x0800a051   Thumb Code    18  stm32f10x_tim.o(.text)
    TIM_OC1NPolarityConfig                   0x0800a063   Thumb Code    18  stm32f10x_tim.o(.text)
    TIM_OC2PolarityConfig                    0x0800a075   Thumb Code    26  stm32f10x_tim.o(.text)
    TIM_OC2NPolarityConfig                   0x0800a08f   Thumb Code    26  stm32f10x_tim.o(.text)
    TIM_OC3PolarityConfig                    0x0800a0a9   Thumb Code    26  stm32f10x_tim.o(.text)
    TIM_OC3NPolarityConfig                   0x0800a0c3   Thumb Code    26  stm32f10x_tim.o(.text)
    TIM_OC4PolarityConfig                    0x0800a0dd   Thumb Code    26  stm32f10x_tim.o(.text)
    TIM_CCxCmd                               0x0800a0f7   Thumb Code    30  stm32f10x_tim.o(.text)
    TIM_CCxNCmd                              0x0800a115   Thumb Code    30  stm32f10x_tim.o(.text)
    TIM_SelectOCxM                           0x0800a133   Thumb Code    82  stm32f10x_tim.o(.text)
    TIM_UpdateDisableConfig                  0x0800a185   Thumb Code    24  stm32f10x_tim.o(.text)
    TIM_UpdateRequestConfig                  0x0800a19d   Thumb Code    24  stm32f10x_tim.o(.text)
    TIM_SelectHallSensor                     0x0800a1b5   Thumb Code    24  stm32f10x_tim.o(.text)
    TIM_SelectOnePulseMode                   0x0800a1cd   Thumb Code    18  stm32f10x_tim.o(.text)
    TIM_SelectOutputTrigger                  0x0800a1df   Thumb Code    18  stm32f10x_tim.o(.text)
    TIM_SelectSlaveMode                      0x0800a1f1   Thumb Code    18  stm32f10x_tim.o(.text)
    TIM_SelectMasterSlaveMode                0x0800a203   Thumb Code    18  stm32f10x_tim.o(.text)
    TIM_SetCounter                           0x0800a215   Thumb Code     4  stm32f10x_tim.o(.text)
    TIM_SetAutoreload                        0x0800a219   Thumb Code     4  stm32f10x_tim.o(.text)
    TIM_SetCompare1                          0x0800a21d   Thumb Code     4  stm32f10x_tim.o(.text)
    TIM_SetCompare2                          0x0800a221   Thumb Code     4  stm32f10x_tim.o(.text)
    TIM_SetCompare3                          0x0800a225   Thumb Code     4  stm32f10x_tim.o(.text)
    TIM_SetCompare4                          0x0800a229   Thumb Code     6  stm32f10x_tim.o(.text)
    TIM_SetClockDivision                     0x0800a22f   Thumb Code    18  stm32f10x_tim.o(.text)
    TIM_GetCapture1                          0x0800a241   Thumb Code     6  stm32f10x_tim.o(.text)
    TIM_GetCapture2                          0x0800a247   Thumb Code     6  stm32f10x_tim.o(.text)
    TIM_GetCapture3                          0x0800a24d   Thumb Code     6  stm32f10x_tim.o(.text)
    TIM_GetCapture4                          0x0800a253   Thumb Code     8  stm32f10x_tim.o(.text)
    TIM_GetCounter                           0x0800a25b   Thumb Code     6  stm32f10x_tim.o(.text)
    TIM_GetPrescaler                         0x0800a261   Thumb Code     6  stm32f10x_tim.o(.text)
    TIM_GetFlagStatus                        0x0800a267   Thumb Code    18  stm32f10x_tim.o(.text)
    TIM_ClearFlag                            0x0800a279   Thumb Code     6  stm32f10x_tim.o(.text)
    TIM_GetITStatus                          0x0800a27f   Thumb Code    34  stm32f10x_tim.o(.text)
    TIM_ClearITPendingBit                    0x0800a2a1   Thumb Code     6  stm32f10x_tim.o(.text)
    __use_no_semihosting                     0x0800a2a7   Thumb Code     2  use_no_semi_2.o(.text)
    __2printf                                0x0800a2a9   Thumb Code    20  noretval__2printf.o(.text)
    __printf                                 0x0800a2c1   Thumb Code   104  __printf.o(.text)
    _printf_str                              0x0800a329   Thumb Code    82  _printf_str.o(.text)
    _printf_int_dec                          0x0800a37d   Thumb Code   104  _printf_dec.o(.text)
    _printf_int_hex                          0x0800a3f5   Thumb Code    84  _printf_hex_int.o(.text)
    _printf_longlong_hex                     0x0800a3f5   Thumb Code     0  _printf_hex_int.o(.text)
    strcmp                                   0x0800a44d   Thumb Code   128  strcmpv7m.o(.text)
    __use_two_region_memory                  0x0800a4cd   Thumb Code     2  heapauxi.o(.text)
    __rt_heap_escrow$2region                 0x0800a4cf   Thumb Code     2  heapauxi.o(.text)
    __rt_heap_expand$2region                 0x0800a4d1   Thumb Code     2  heapauxi.o(.text)
    __I$use$semihosting                      0x0800a4d3   Thumb Code     0  use_no_semi.o(.text)
    __use_no_semihosting_swi                 0x0800a4d3   Thumb Code     2  use_no_semi.o(.text)
    __read_errno                             0x0800a4d5   Thumb Code    10  _rserrno.o(.text)
    __set_errno                              0x0800a4df   Thumb Code    12  _rserrno.o(.text)
    _printf_int_common                       0x0800a4eb   Thumb Code   178  _printf_intcommon.o(.text)
    _printf_cs_common                        0x0800a59d   Thumb Code    20  _printf_char.o(.text)
    _printf_char                             0x0800a5b1   Thumb Code    16  _printf_char.o(.text)
    _printf_string                           0x0800a5c1   Thumb Code     8  _printf_char.o(.text)
    _printf_char_file                        0x0800a5c9   Thumb Code    32  _printf_char_file.o(.text)
    __aeabi_errno_addr                       0x0800a5ed   Thumb Code     8  rt_errno_addr_intlibspace.o(.text)
    __errno$intlibspace                      0x0800a5ed   Thumb Code     0  rt_errno_addr_intlibspace.o(.text)
    __rt_errno_addr$intlibspace              0x0800a5ed   Thumb Code     0  rt_errno_addr_intlibspace.o(.text)
    _printf_char_common                      0x0800a5ff   Thumb Code    32  _printf_char_common.o(.text)
    ferror                                   0x0800a625   Thumb Code     8  ferror.o(.text)
    __user_libspace                          0x0800a62d   Thumb Code     8  libspace.o(.text)
    __user_perproc_libspace                  0x0800a62d   Thumb Code     0  libspace.o(.text)
    __user_perthread_libspace                0x0800a62d   Thumb Code     0  libspace.o(.text)
    __user_setup_stackheap                   0x0800a635   Thumb Code    74  sys_stackheap_outer.o(.text)
    exit                                     0x0800a67f   Thumb Code    12  exit.o(.text)
    sqrt                                     0x0800a68b   Thumb Code    76  sqrt.o(i.sqrt)
    __aeabi_dadd                             0x0800a6d9   Thumb Code     0  daddsub_clz.o(x$fpl$dadd)
    _dadd                                    0x0800a6d9   Thumb Code   332  daddsub_clz.o(x$fpl$dadd)
    __fpl_dcmp_Inf                           0x0800a829   Thumb Code    24  dcmpi.o(x$fpl$dcmpinf)
    __aeabi_d2uiz                            0x0800a841   Thumb Code     0  dfixu.o(x$fpl$dfixu)
    _dfixu                                   0x0800a841   Thumb Code    90  dfixu.o(x$fpl$dfixu)
    __aeabi_i2d                              0x0800a89b   Thumb Code     0  dflt_clz.o(x$fpl$dflt)
    _dflt                                    0x0800a89b   Thumb Code    46  dflt_clz.o(x$fpl$dflt)
    __aeabi_ui2d                             0x0800a8c9   Thumb Code     0  dflt_clz.o(x$fpl$dfltu)
    _dfltu                                   0x0800a8c9   Thumb Code    38  dflt_clz.o(x$fpl$dfltu)
    __aeabi_cdcmple                          0x0800a8f1   Thumb Code     0  dleqf.o(x$fpl$dleqf)
    _dcmple                                  0x0800a8f1   Thumb Code   120  dleqf.o(x$fpl$dleqf)
    __fpl_dcmple_InfNaN                      0x0800a953   Thumb Code     0  dleqf.o(x$fpl$dleqf)
    __aeabi_dmul                             0x0800a969   Thumb Code     0  dmul.o(x$fpl$dmul)
    _dmul                                    0x0800a969   Thumb Code   332  dmul.o(x$fpl$dmul)
    __fpl_dnaninf                            0x0800aabd   Thumb Code   156  dnaninf.o(x$fpl$dnaninf)
    __fpl_dretinf                            0x0800ab59   Thumb Code    12  dretinf.o(x$fpl$dretinf)
    __aeabi_cdrcmple                         0x0800ab65   Thumb Code     0  drleqf.o(x$fpl$drleqf)
    _drcmple                                 0x0800ab65   Thumb Code   108  drleqf.o(x$fpl$drleqf)
    __aeabi_drsub                            0x0800abd1   Thumb Code     0  daddsub_clz.o(x$fpl$drsb)
    _drsb                                    0x0800abd1   Thumb Code    22  daddsub_clz.o(x$fpl$drsb)
    _dsqrt                                   0x0800abe9   Thumb Code   456  dsqrt_noumaal.o(x$fpl$dsqrt)
    __aeabi_dsub                             0x0800adb5   Thumb Code     0  daddsub_clz.o(x$fpl$dsub)
    _dsub                                    0x0800adb5   Thumb Code   464  daddsub_clz.o(x$fpl$dsub)
    __aeabi_f2d                              0x0800af89   Thumb Code     0  f2d.o(x$fpl$f2d)
    _f2d                                     0x0800af89   Thumb Code    86  f2d.o(x$fpl$f2d)
    __aeabi_fadd                             0x0800afe1   Thumb Code     0  faddsub_clz.o(x$fpl$fadd)
    _fadd                                    0x0800afe1   Thumb Code   196  faddsub_clz.o(x$fpl$fadd)
    __aeabi_fdiv                             0x0800b0a5   Thumb Code     0  fdiv.o(x$fpl$fdiv)
    _fdiv                                    0x0800b0a5   Thumb Code   384  fdiv.o(x$fpl$fdiv)
    __aeabi_f2iz                             0x0800b229   Thumb Code     0  ffix.o(x$fpl$ffix)
    _ffix                                    0x0800b229   Thumb Code    54  ffix.o(x$fpl$ffix)
    __aeabi_f2uiz                            0x0800b261   Thumb Code     0  ffixu.o(x$fpl$ffixu)
    _ffixu                                   0x0800b261   Thumb Code    62  ffixu.o(x$fpl$ffixu)
    __aeabi_i2f                              0x0800b2a1   Thumb Code     0  fflt_clz.o(x$fpl$fflt)
    _fflt                                    0x0800b2a1   Thumb Code    48  fflt_clz.o(x$fpl$fflt)
    __aeabi_ui2f                             0x0800b2d1   Thumb Code     0  fflt_clz.o(x$fpl$ffltu)
    _ffltu                                   0x0800b2d1   Thumb Code    38  fflt_clz.o(x$fpl$ffltu)
    __aeabi_fmul                             0x0800b2f9   Thumb Code     0  fmul.o(x$fpl$fmul)
    _fmul                                    0x0800b2f9   Thumb Code   258  fmul.o(x$fpl$fmul)
    __fpl_fnaninf                            0x0800b3fb   Thumb Code   140  fnaninf.o(x$fpl$fnaninf)
    __fpl_fretinf                            0x0800b487   Thumb Code    10  fretinf.o(x$fpl$fretinf)
    __aeabi_fsub                             0x0800b491   Thumb Code     0  faddsub_clz.o(x$fpl$fsub)
    _fsub                                    0x0800b491   Thumb Code   234  faddsub_clz.o(x$fpl$fsub)
    POINT_COLOR_TBL                          0x0800b57a   Data          10  main.o(.constdata)
    __I$use$fp                               0x0800b57a   Number         0  usenofp.o(x$fpl$usenofp)
    asc2_1206                                0x0800b584   Data        1140  lcd.o(.constdata)
    asc2_1608                                0x0800b9f8   Data        1520  lcd.o(.constdata)
    asc2_2412                                0x0800bfe8   Data        3420  lcd.o(.constdata)
    TX_ADDRESS                               0x0800cd44   Data           5  24l01.o(.constdata)
    RX_ADDRESS                               0x0800cd49   Data           5  24l01.o(.constdata)
    FT5206_TPX_TBL                           0x0800cd4e   Data          10  ft5206.o(.constdata)
    GT9147_CFG_TBL                           0x0800cd58   Data         184  gt9147.o(.constdata)
    GT9147_TPX_TBL                           0x0800ce10   Data          10  gt9147.o(.constdata)
    OTT_TPX_TBL                              0x0800ce1a   Data          10  ott2001a.o(.constdata)
    TP_REMIND_MSG_TBL                        0x0800ce24   Data           4  touch.o(.constdata)
    Region$$Table$$Base                      0x0800cecc   Number         0  anon$$obj.o(Region$$Table)
    Region$$Table$$Limit                     0x0800ceec   Number         0  anon$$obj.o(Region$$Table)
    key                                      0x20000000   Data           1  main.o(.data)
    mode                                     0x20000001   Data           1  main.o(.data)
    t                                        0x20000002   Data           2  main.o(.data)
    str                                      0x20000004   Data           4  main.o(.data)
    SystemCoreClock                          0x20000008   Data           4  system_stm32f10x.o(.data)
    AHBPrescTable                            0x2000000c   Data          16  system_stm32f10x.o(.data)
    POINT_COLOR                              0x2000001e   Data           2  lcd.o(.data)
    BACK_COLOR                               0x20000020   Data           2  lcd.o(.data)
    RmtSta                                   0x20000024   Data           1  remote.o(.data)
    Dval                                     0x20000026   Data           2  remote.o(.data)
    RmtRec                                   0x20000028   Data           4  remote.o(.data)
    RmtCnt                                   0x2000002c   Data           1  remote.o(.data)
    tp_dev                                   0x20000030   Data          52  touch.o(.data)
    CMD_RDX                                  0x20000064   Data           1  touch.o(.data)
    CMD_RDY                                  0x20000065   Data           1  touch.o(.data)
    __stdout                                 0x2000006c   Data           4  usart.o(.data)
    USART_RX_STA                             0x20000070   Data           2  usart.o(.data)
    tmp_buf                                  0x20000088   Data          33  main.o(.bss)
    lcddev                                   0x200000aa   Data          14  lcd.o(.bss)
    USART_RX_BUF                             0x200000b8   Data         200  usart.o(.bss)
    __libspace_start                         0x20000180   Data          96  libspace.o(.bss)
    __temporary_stack_top$libspace           0x200001e0   Data           0  libspace.o(.bss)



==============================================================================

Memory Map of the image

  Image Entry point : 0x08000131

  Load Region LR_IROM1 (Base: 0x08000000, Size: 0x0000cf74, Max: 0x00080000, ABSOLUTE)

    Execution Region ER_IROM1 (Base: 0x08000000, Size: 0x0000ceec, Max: 0x00080000, ABSOLUTE)

    Base Addr    Size         Type   Attr      Idx    E Section Name        Object

    0x08000000   0x00000130   Data   RO          524    RESET               startup_stm32f10x_hd.o
    0x08000130   0x00000008   Code   RO          678  * !!!main             c_w.l(__main.o)
    0x08000138   0x00000034   Code   RO          925    !!!scatter          c_w.l(__scatter.o)
    0x0800016c   0x0000001a   Code   RO          927    !!handler_copy      c_w.l(__scatter_copy.o)
    0x08000186   0x00000002   PAD
    0x08000188   0x0000001c   Code   RO          929    !!handler_zi        c_w.l(__scatter_zi.o)
    0x080001a4   0x00000000   Code   RO          673    .ARM.Collect$$_printf_percent$$00000000  c_w.l(_printf_percent.o)
    0x080001a4   0x00000006   Code   RO          672    .ARM.Collect$$_printf_percent$$00000009  c_w.l(_printf_d.o)
    0x080001aa   0x00000006   Code   RO          671    .ARM.Collect$$_printf_percent$$0000000C  c_w.l(_printf_x.o)
    0x080001b0   0x00000006   Code   RO          670    .ARM.Collect$$_printf_percent$$00000014  c_w.l(_printf_s.o)
    0x080001b6   0x00000004   Code   RO          749    .ARM.Collect$$_printf_percent$$00000017  c_w.l(_printf_percent_end.o)
    0x080001ba   0x00000002   Code   RO          803    .ARM.Collect$$libinit$$00000000  c_w.l(libinit.o)
    0x080001bc   0x00000000   Code   RO          807    .ARM.Collect$$libinit$$00000002  c_w.l(libinit2.o)
    0x080001bc   0x00000000   Code   RO          809    .ARM.Collect$$libinit$$00000004  c_w.l(libinit2.o)
    0x080001bc   0x00000000   Code   RO          812    .ARM.Collect$$libinit$$0000000A  c_w.l(libinit2.o)
    0x080001bc   0x00000000   Code   RO          814    .ARM.Collect$$libinit$$0000000C  c_w.l(libinit2.o)
    0x080001bc   0x00000000   Code   RO          816    .ARM.Collect$$libinit$$0000000E  c_w.l(libinit2.o)
    0x080001bc   0x00000000   Code   RO          819    .ARM.Collect$$libinit$$00000011  c_w.l(libinit2.o)
    0x080001bc   0x00000000   Code   RO          821    .ARM.Collect$$libinit$$00000013  c_w.l(libinit2.o)
    0x080001bc   0x00000000   Code   RO          823    .ARM.Collect$$libinit$$00000015  c_w.l(libinit2.o)
    0x080001bc   0x00000000   Code   RO          825    .ARM.Collect$$libinit$$00000017  c_w.l(libinit2.o)
    0x080001bc   0x00000000   Code   RO          827    .ARM.Collect$$libinit$$00000019  c_w.l(libinit2.o)
    0x080001bc   0x00000000   Code   RO          829    .ARM.Collect$$libinit$$0000001B  c_w.l(libinit2.o)
    0x080001bc   0x00000000   Code   RO          831    .ARM.Collect$$libinit$$0000001D  c_w.l(libinit2.o)
    0x080001bc   0x00000000   Code   RO          833    .ARM.Collect$$libinit$$0000001F  c_w.l(libinit2.o)
    0x080001bc   0x00000000   Code   RO          835    .ARM.Collect$$libinit$$00000021  c_w.l(libinit2.o)
    0x080001bc   0x00000000   Code   RO          837    .ARM.Collect$$libinit$$00000023  c_w.l(libinit2.o)
    0x080001bc   0x00000000   Code   RO          839    .ARM.Collect$$libinit$$00000025  c_w.l(libinit2.o)
    0x080001bc   0x00000000   Code   RO          843    .ARM.Collect$$libinit$$0000002C  c_w.l(libinit2.o)
    0x080001bc   0x00000000   Code   RO          845    .ARM.Collect$$libinit$$0000002E  c_w.l(libinit2.o)
    0x080001bc   0x00000000   Code   RO          847    .ARM.Collect$$libinit$$00000030  c_w.l(libinit2.o)
    0x080001bc   0x00000000   Code   RO          849    .ARM.Collect$$libinit$$00000032  c_w.l(libinit2.o)
    0x080001bc   0x00000002   Code   RO          850    .ARM.Collect$$libinit$$00000033  c_w.l(libinit2.o)
    0x080001be   0x00000002   Code   RO          868    .ARM.Collect$$libshutdown$$00000000  c_w.l(libshutdown.o)
    0x080001c0   0x00000000   Code   RO          879    .ARM.Collect$$libshutdown$$00000003  c_w.l(libshutdown2.o)
    0x080001c0   0x00000000   Code   RO          882    .ARM.Collect$$libshutdown$$00000006  c_w.l(libshutdown2.o)
    0x080001c0   0x00000000   Code   RO          885    .ARM.Collect$$libshutdown$$00000009  c_w.l(libshutdown2.o)
    0x080001c0   0x00000000   Code   RO          887    .ARM.Collect$$libshutdown$$0000000B  c_w.l(libshutdown2.o)
    0x080001c0   0x00000000   Code   RO          890    .ARM.Collect$$libshutdown$$0000000E  c_w.l(libshutdown2.o)
    0x080001c0   0x00000002   Code   RO          891    .ARM.Collect$$libshutdown$$0000000F  c_w.l(libshutdown2.o)
    0x080001c2   0x00000000   Code   RO          740    .ARM.Collect$$rtentry$$00000000  c_w.l(__rtentry.o)
    0x080001c2   0x00000000   Code   RO          764    .ARM.Collect$$rtentry$$00000002  c_w.l(__rtentry2.o)
    0x080001c2   0x00000006   Code   RO          776    .ARM.Collect$$rtentry$$00000004  c_w.l(__rtentry4.o)
    0x080001c8   0x00000000   Code   RO          766    .ARM.Collect$$rtentry$$00000009  c_w.l(__rtentry2.o)
    0x080001c8   0x00000004   Code   RO          767    .ARM.Collect$$rtentry$$0000000A  c_w.l(__rtentry2.o)
    0x080001cc   0x00000000   Code   RO          769    .ARM.Collect$$rtentry$$0000000C  c_w.l(__rtentry2.o)
    0x080001cc   0x00000008   Code   RO          770    .ARM.Collect$$rtentry$$0000000D  c_w.l(__rtentry2.o)
    0x080001d4   0x00000002   Code   RO          804    .ARM.Collect$$rtexit$$00000000  c_w.l(rtexit.o)
    0x080001d6   0x00000000   Code   RO          852    .ARM.Collect$$rtexit$$00000002  c_w.l(rtexit2.o)
    0x080001d6   0x00000004   Code   RO          853    .ARM.Collect$$rtexit$$00000003  c_w.l(rtexit2.o)
    0x080001da   0x00000006   Code   RO          854    .ARM.Collect$$rtexit$$00000004  c_w.l(rtexit2.o)
    0x080001e0   0x000005b8   Code   RO            1    .text               main.o
    0x08000798   0x0000001a   Code   RO          163    .text               stm32f10x_it.o
    0x080007b2   0x00000002   PAD
    0x080007b4   0x000001e0   Code   RO          204    .text               system_stm32f10x.o
    0x08000994   0x0000004c   Code   RO          222    .text               led.o
    0x080009e0   0x000000fc   Code   RO          234    .text               key.o
    0x08000adc   0x00004a5c   Code   RO          247    .text               lcd.o
    0x08005538   0x00000108   Code   RO          270    .text               spi.o
    0x08005640   0x00000334   Code   RO          285    .text               24l01.o
    0x08005974   0x000002ac   Code   RO          300    .text               remote.o
    0x08005c20   0x0000017a   Code   RO          322    .text               24cxx.o
    0x08005d9a   0x00000002   PAD
    0x08005d9c   0x0000026c   Code   RO          334    .text               myiic.o
    0x08006008   0x00000284   Code   RO          346    .text               ctiic.o
    0x0800628c   0x00000338   Code   RO          361    .text               ft5206.o
    0x080065c4   0x00000458   Code   RO          380    .text               gt9147.o
    0x08006a1c   0x0000036c   Code   RO          399    .text               ott2001a.o
    0x08006d88   0x00000fb4   Code   RO          415    .text               touch.o
    0x08007d3c   0x000000d4   Code   RO          458    .text               delay.o
    0x08007e10   0x00000140   Code   RO          489    .text               usart.o
    0x08007f50   0x00000040   Code   RO          525    .text               startup_stm32f10x_hd.o
    0x08007f90   0x000000dc   Code   RO          529    .text               misc.o
    0x0800806c   0x0000060c   Code   RO          541    .text               stm32f10x_fsmc.o
    0x08008678   0x0000035c   Code   RO          553    .text               stm32f10x_gpio.o
    0x080089d4   0x000003a4   Code   RO          565    .text               stm32f10x_rcc.o
    0x08008d78   0x0000030c   Code   RO          579    .text               stm32f10x_spi.o
    0x08009084   0x00000408   Code   RO          591    .text               stm32f10x_usart.o
    0x0800948c   0x00000e1a   Code   RO          603    .text               stm32f10x_tim.o
    0x0800a2a6   0x00000002   Code   RO          617    .text               c_w.l(use_no_semi_2.o)
    0x0800a2a8   0x00000018   Code   RO          621    .text               c_w.l(noretval__2printf.o)
    0x0800a2c0   0x00000068   Code   RO          623    .text               c_w.l(__printf.o)
    0x0800a328   0x00000052   Code   RO          625    .text               c_w.l(_printf_str.o)
    0x0800a37a   0x00000002   PAD
    0x0800a37c   0x00000078   Code   RO          627    .text               c_w.l(_printf_dec.o)
    0x0800a3f4   0x00000058   Code   RO          632    .text               c_w.l(_printf_hex_int.o)
    0x0800a44c   0x00000080   Code   RO          674    .text               c_w.l(strcmpv7m.o)
    0x0800a4cc   0x00000006   Code   RO          676    .text               c_w.l(heapauxi.o)
    0x0800a4d2   0x00000002   Code   RO          738    .text               c_w.l(use_no_semi.o)
    0x0800a4d4   0x00000016   Code   RO          741    .text               c_w.l(_rserrno.o)
    0x0800a4ea   0x000000b2   Code   RO          743    .text               c_w.l(_printf_intcommon.o)
    0x0800a59c   0x0000002c   Code   RO          745    .text               c_w.l(_printf_char.o)
    0x0800a5c8   0x00000024   Code   RO          747    .text               c_w.l(_printf_char_file.o)
    0x0800a5ec   0x00000008   Code   RO          781    .text               c_w.l(rt_errno_addr_intlibspace.o)
    0x0800a5f4   0x00000030   Code   RO          783    .text               c_w.l(_printf_char_common.o)
    0x0800a624   0x00000008   Code   RO          785    .text               c_w.l(ferror.o)
    0x0800a62c   0x00000008   Code   RO          789    .text               c_w.l(libspace.o)
    0x0800a634   0x0000004a   Code   RO          792    .text               c_w.l(sys_stackheap_outer.o)
    0x0800a67e   0x0000000c   Code   RO          796    .text               c_w.l(exit.o)
    0x0800a68a   0x0000004c   Code   RO          731    i.sqrt              m_ws.l(sqrt.o)
    0x0800a6d6   0x00000002   PAD
    0x0800a6d8   0x00000150   Code   RO          680    x$fpl$dadd          fz_ws.l(daddsub_clz.o)
    0x0800a828   0x00000018   Code   RO          750    x$fpl$dcmpinf       fz_ws.l(dcmpi.o)
    0x0800a840   0x0000005a   Code   RO          686    x$fpl$dfixu         fz_ws.l(dfixu.o)
    0x0800a89a   0x0000002e   Code   RO          691    x$fpl$dflt          fz_ws.l(dflt_clz.o)
    0x0800a8c8   0x00000026   Code   RO          690    x$fpl$dfltu         fz_ws.l(dflt_clz.o)
    0x0800a8ee   0x00000002   PAD
    0x0800a8f0   0x00000078   Code   RO          696    x$fpl$dleqf         fz_ws.l(dleqf.o)
    0x0800a968   0x00000154   Code   RO          698    x$fpl$dmul          fz_ws.l(dmul.o)
    0x0800aabc   0x0000009c   Code   RO          752    x$fpl$dnaninf       fz_ws.l(dnaninf.o)
    0x0800ab58   0x0000000c   Code   RO          754    x$fpl$dretinf       fz_ws.l(dretinf.o)
    0x0800ab64   0x0000006c   Code   RO          700    x$fpl$drleqf        fz_ws.l(drleqf.o)
    0x0800abd0   0x00000016   Code   RO          681    x$fpl$drsb          fz_ws.l(daddsub_clz.o)
    0x0800abe6   0x00000002   PAD
    0x0800abe8   0x000001cc   Code   RO          756    x$fpl$dsqrt         fz_ws.l(dsqrt_noumaal.o)
    0x0800adb4   0x000001d4   Code   RO          682    x$fpl$dsub          fz_ws.l(daddsub_clz.o)
    0x0800af88   0x00000056   Code   RO          702    x$fpl$f2d           fz_ws.l(f2d.o)
    0x0800afde   0x00000002   PAD
    0x0800afe0   0x000000c4   Code   RO          704    x$fpl$fadd          fz_ws.l(faddsub_clz.o)
    0x0800b0a4   0x00000184   Code   RO          711    x$fpl$fdiv          fz_ws.l(fdiv.o)
    0x0800b228   0x00000036   Code   RO          714    x$fpl$ffix          fz_ws.l(ffix.o)
    0x0800b25e   0x00000002   PAD
    0x0800b260   0x0000003e   Code   RO          718    x$fpl$ffixu         fz_ws.l(ffixu.o)
    0x0800b29e   0x00000002   PAD
    0x0800b2a0   0x00000030   Code   RO          723    x$fpl$fflt          fz_ws.l(fflt_clz.o)
    0x0800b2d0   0x00000026   Code   RO          722    x$fpl$ffltu         fz_ws.l(fflt_clz.o)
    0x0800b2f6   0x00000002   PAD
    0x0800b2f8   0x00000102   Code   RO          728    x$fpl$fmul          fz_ws.l(fmul.o)
    0x0800b3fa   0x0000008c   Code   RO          758    x$fpl$fnaninf       fz_ws.l(fnaninf.o)
    0x0800b486   0x0000000a   Code   RO          760    x$fpl$fretinf       fz_ws.l(fretinf.o)
    0x0800b490   0x000000ea   Code   RO          706    x$fpl$fsub          fz_ws.l(faddsub_clz.o)
    0x0800b57a   0x00000000   Code   RO          762    x$fpl$usenofp       fz_ws.l(usenofp.o)
    0x0800b57a   0x0000000a   Data   RO            3    .constdata          main.o
    0x0800b584   0x000017c0   Data   RO          249    .constdata          lcd.o
    0x0800cd44   0x0000000a   Data   RO          286    .constdata          24l01.o
    0x0800cd4e   0x0000000a   Data   RO          362    .constdata          ft5206.o
    0x0800cd58   0x000000c2   Data   RO          381    .constdata          gt9147.o
    0x0800ce1a   0x0000000a   Data   RO          400    .constdata          ott2001a.o
    0x0800ce24   0x00000004   Data   RO          416    .constdata          touch.o
    0x0800ce28   0x00000028   Data   RO          633    .constdata          c_w.l(_printf_hex_int.o)
    0x0800ce50   0x00000079   Data   RO          417    .conststring        touch.o
    0x0800cec9   0x00000003   PAD
    0x0800cecc   0x00000020   Data   RO          923    Region$$Table       anon$$obj.o


    Execution Region RW_IRAM1 (Base: 0x20000000, Size: 0x000007e0, Max: 0x00010000, ABSOLUTE)

    Base Addr    Size         Type   Attr      Idx    E Section Name        Object

    0x20000000   0x00000008   Data   RW            4    .data               main.o
    0x20000008   0x00000014   Data   RW          205    .data               system_stm32f10x.o
    0x2000001c   0x00000001   Data   RW          235    .data               key.o
    0x2000001d   0x00000001   PAD
    0x2000001e   0x00000004   Data   RW          250    .data               lcd.o
    0x20000022   0x00000002   PAD
    0x20000024   0x00000009   Data   RW          301    .data               remote.o
    0x2000002d   0x00000001   Data   RW          363    .data               ft5206.o
    0x2000002e   0x00000001   Data   RW          382    .data               gt9147.o
    0x2000002f   0x00000001   Data   RW          401    .data               ott2001a.o
    0x20000030   0x00000036   Data   RW          418    .data               touch.o
    0x20000066   0x00000004   Data   RW          459    .data               delay.o
    0x2000006a   0x00000002   PAD
    0x2000006c   0x00000006   Data   RW          491    .data               usart.o
    0x20000072   0x00000014   Data   RW          566    .data               stm32f10x_rcc.o
    0x20000086   0x00000002   PAD
    0x20000088   0x00000021   Zero   RW            2    .bss                main.o
    0x200000a9   0x00000001   PAD
    0x200000aa   0x0000000e   Zero   RW          248    .bss                lcd.o
    0x200000b8   0x000000c8   Zero   RW          490    .bss                usart.o
    0x20000180   0x00000060   Zero   RW          790    .bss                c_w.l(libspace.o)
    0x200001e0   0x00000200   Zero   RW          523    HEAP                startup_stm32f10x_hd.o
    0x200003e0   0x00000400   Zero   RW          522    STACK               startup_stm32f10x_hd.o


==============================================================================

Image component sizes


      Code (inc. data)   RO Data    RW Data    ZI Data      Debug   Object Name

       378          0          0          0          0       2586   24cxx.o
       820         38         10          0          0       3659   24l01.o
       644         24          0          0          0       1997   ctiic.o
       212         18          0          4          0        963   delay.o
       824         38         10          1          0       2387   ft5206.o
      1112         74        194          1          0       2898   gt9147.o
       252         12          0          1          0        800   key.o
     19036        162       6080          4         14      21494   lcd.o
        76          8          0          0          0        467   led.o
      1464        172         10          8         33     271404   main.o
       220         22          0          0          0       1737   misc.o
       620         14          0          0          0       1828   myiic.o
       876         56         10          1          0       2539   ott2001a.o
       684         28          0          9          0       1522   remote.o
       264         10          0          0          0       1069   spi.o
        64         26        304          0       1536        772   startup_stm32f10x_hd.o
      1548         18          0          0          0       5287   stm32f10x_fsmc.o
       860         38          0          0          0       5585   stm32f10x_gpio.o
        26          0          0          0          0       1150   stm32f10x_it.o
       932         36          0         20          0       8728   stm32f10x_rcc.o
       780         14          0          0          0       6466   stm32f10x_spi.o
      3610         88          0          0          0      22068   stm32f10x_tim.o
      1032         22          0          0          0       8308   stm32f10x_usart.o
         0          0          0          0          0         32   sys.o
       480         38          0         20          0       1647   system_stm32f10x.o
      4020        222        125         54          0       6529   touch.o
       320         16          0          6        200       3058   usart.o

    ----------------------------------------------------------------------
     41158       1194       6778        136       1784     386980   Object Totals
         0          0         32          0          0          0   (incl. Generated)
         4          0          3          7          1          0   (incl. Padding)

    ----------------------------------------------------------------------

      Code (inc. data)   RO Data    RW Data    ZI Data      Debug   Library Member Name

         8          0          0          0          0         68   __main.o
       104          0          0          0          0         84   __printf.o
         0          0          0          0          0          0   __rtentry.o
        12          0          0          0          0          0   __rtentry2.o
         6          0          0          0          0          0   __rtentry4.o
        52          8          0          0          0          0   __scatter.o
        26          0          0          0          0          0   __scatter_copy.o
        28          0          0          0          0          0   __scatter_zi.o
        44          0          0          0          0        108   _printf_char.o
        48          6          0          0          0         96   _printf_char_common.o
        36          4          0          0          0         80   _printf_char_file.o
         6          0          0          0          0          0   _printf_d.o
       120         16          0          0          0         92   _printf_dec.o
        88          4         40          0          0         88   _printf_hex_int.o
       178          0          0          0          0         88   _printf_intcommon.o
         0          0          0          0          0          0   _printf_percent.o
         4          0          0          0          0          0   _printf_percent_end.o
         6          0          0          0          0          0   _printf_s.o
        82          0          0          0          0         80   _printf_str.o
         6          0          0          0          0          0   _printf_x.o
        22          0          0          0          0        100   _rserrno.o
        12          0          0          0          0         72   exit.o
         8          0          0          0          0         68   ferror.o
         6          0          0          0          0        152   heapauxi.o
         2          0          0          0          0          0   libinit.o
         2          0          0          0          0          0   libinit2.o
         2          0          0          0          0          0   libshutdown.o
         2          0          0          0          0          0   libshutdown2.o
         8          4          0          0         96         68   libspace.o
        24          4          0          0          0         84   noretval__2printf.o
         8          4          0          0          0         68   rt_errno_addr_intlibspace.o
         2          0          0          0          0          0   rtexit.o
        10          0          0          0          0          0   rtexit2.o
       128          0          0          0          0         68   strcmpv7m.o
        74          0          0          0          0         80   sys_stackheap_outer.o
         2          0          0          0          0         68   use_no_semi.o
         2          0          0          0          0         68   use_no_semi_2.o
       826         16          0          0          0        348   daddsub_clz.o
        24          0          0          0          0         68   dcmpi.o
        90          4          0          0          0         92   dfixu.o
        84          0          0          0          0        136   dflt_clz.o
       120          4          0          0          0         92   dleqf.o
       340         12          0          0          0        104   dmul.o
       156          4          0          0          0         92   dnaninf.o
        12          0          0          0          0         68   dretinf.o
       108          0          0          0          0         80   drleqf.o
       460         56          0          0          0        120   dsqrt_noumaal.o
        86          4          0          0          0         84   f2d.o
       430          8          0          0          0        168   faddsub_clz.o
       388         76          0          0          0         96   fdiv.o
        54          4          0          0          0         84   ffix.o
        62          4          0          0          0         84   ffixu.o
        86          0          0          0          0        136   fflt_clz.o
       258          4          0          0          0         84   fmul.o
       140          4          0          0          0         84   fnaninf.o
        10          0          0          0          0         68   fretinf.o
         0          0          0          0          0          0   usenofp.o
        76          0          0          0          0         84   sqrt.o

    ----------------------------------------------------------------------
      4996        250         40          0         96       3852   Library Totals
        18          0          0          0          0          0   (incl. Padding)

    ----------------------------------------------------------------------

      Code (inc. data)   RO Data    RW Data    ZI Data      Debug   Library Name

      1168         50         40          0         96       1680   c_w.l
      3734        200          0          0          0       2088   fz_ws.l
        76          0          0          0          0         84   m_ws.l

    ----------------------------------------------------------------------
      4996        250         40          0         96       3852   Library Totals

    ----------------------------------------------------------------------

==============================================================================


      Code (inc. data)   RO Data    RW Data    ZI Data      Debug   

     46154       1444       6818        136       1880     386720   Grand Totals
     46154       1444       6818        136       1880     386720   ELF Image Totals
     46154       1444       6818        136          0          0   ROM Totals

==============================================================================

    Total RO  Size (Code + RO Data)                52972 (  51.73kB)
    Total RW  Size (RW Data + ZI Data)              2016 (   1.97kB)
    Total ROM Size (Code + RO Data + RW Data)      53108 (  51.86kB)

==============================================================================

