<html>
<body>
<pre>
<h1>礦ision Build Log</h1>
<h2>Tool Versions:</h2>
IDE-Version: μVision V5.14.0.0
Copyright (C) 2015 ARM Ltd and ARM Germany GmbH. All rights reserved.
License Information: Zhang Zheng, UESTC, LIC=7YKKP-M01WY-KSYYM-XU4MR-EPB1S-W8ZY4
 
Tool Versions:
Toolchain:       MDK-ARM Professional  Version: 5.14.0.0
Toolchain Path:  D:\Keil_v5\ARM\ARMCC\Bin
C Compiler:      Armcc.exe V5.05 update 1 (build 106)
Assembler:       Armasm.exe V5.05 update 1 (build 106)
Linker/Locator:  ArmLink.exe V5.05 update 1 (build 106)
Library Manager: ArmAr.exe V5.05 update 1 (build 106)
Hex Converter:   FromElf.exe V5.05 update 1 (build 106)
CPU DLL:         SARMCM3.DLL V5.14.0.0
Dialog DLL:      DARMSTM.DLL V1.65.0.0
Target DLL:      Segger\JL2CM3.dll V2.99.13.0
Dialog DLL:      TARMSTM.DLL V1.64.0.0
 
<h2>Project:</h2>
D:\repository\Sound-positioning-control-system\实验2 蜂鸣器实验\USER\BEEP.uvprojx
Project File Date:  05/09/2015

<h2>Output:</h2>
Build target 'BEEP'
compiling main.c...
compiling stm32f10x_it.c...
compiling system_stm32f10x.c...
compiling led.c...
compiling beep.c...
compiling delay.c...
compiling sys.c...
compiling usart.c...
compiling core_cm3.c...
assembling startup_stm32f10x_hd.s...
compiling misc.c...
compiling stm32f10x_gpio.c...
compiling stm32f10x_rcc.c...
compiling stm32f10x_usart.c...
linking...
Program Size: Code=4604 RO-data=336 RW-data=52 ZI-data=1836  
FromELF: creating hex file...
"..\OBJ\BEEP.axf" - 0 Error(s), 0 Warning(s).

<h2>Collection of Component include folders:</h2>
  D:\repository\Sound-positioning-control-system\实验2 蜂鸣器实验\USER\RTE
  D:\Keil_v5\ARM\PACK\Keil\STM32F1xx_DFP\1.0.5\Device\Include

<h2>Collection of Component Files used:</h2>
</pre>
</body>
</html>
